<html>
<body>
<pre>
<h1>µVision Build Log</h1>
<h2>Project:</h2>
E:\ÏîÄ¿\stm32\11.usart³¬¼¶ÖÕ¶Ë\led.uvproj
Project File Date:  04/07/2022

<h2>Output:</h2>
Build target 'Target 1'
compiling main.c...
User\main.c(15): error:  #20: identifier "USART_RX_STA" is undefined
User\main.c:            if(USART_RX_STA&0xC000){
User\main.c:               ^
User\main.c(9): warning:  #177-D: variable "ret" was declared but never referenced
User\main.c:    char ret=0;
User\main.c:         ^
User\main.c: User\main.c: 1 warning, 1 error
compiling usart.c...
Target not created
Build target 'Target 1'
compiling main.c...
User\main.c(9): warning:  #177-D: variable "ret" was declared but never referenced
User\main.c:    char ret=0;
User\main.c:         ^
User\main.c: User\main.c: 1 warning, 0 errors
linking...
Program Size: Code=12290 RO-data=782 RW-data=48 ZI-data=1832  
FromELF: creating hex file...
"led.axf" - 0 Error(s), 1 Warning(s).
Build target 'Target 1'
linking...
Program Size: Code=12290 RO-data=782 RW-data=48 ZI-data=1832  
FromELF: creating hex file...
"led.axf" - 0 Error(s), 0 Warning(s).
Build target 'Target 1'
linking...
Program Size: Code=12290 RO-data=782 RW-data=48 ZI-data=1832  
FromELF: creating hex file...
"led.axf" - 0 Error(s), 0 Warning(s).
Build target 'Target 1'
linking...
Program Size: Code=12290 RO-data=782 RW-data=48 ZI-data=1832  
FromELF: creating hex file...
"led.axf" - 0 Error(s), 0 Warning(s).
Build target 'Target 1'
compiling main.c...
User\main.c(9): warning:  #177-D: variable "ret" was declared but never referenced
User\main.c:    char ret=0;
User\main.c:         ^
User\main.c: User\main.c: 1 warning, 0 errors
linking...
Program Size: Code=12294 RO-data=782 RW-data=48 ZI-data=1832  
FromELF: creating hex file...
"led.axf" - 0 Error(s), 1 Warning(s).
Build target 'Target 1'
linking...
Program Size: Code=12294 RO-data=782 RW-data=48 ZI-data=1832  
FromELF: creating hex file...
"led.axf" - 0 Error(s), 0 Warning(s).
Build target 'Target 1'
linking...
Program Size: Code=12294 RO-data=782 RW-data=48 ZI-data=1832  
FromELF: creating hex file...
"led.axf" - 0 Error(s), 0 Warning(s).
Build target 'Target 1'
linking...
Program Size: Code=12294 RO-data=782 RW-data=48 ZI-data=1832  
FromELF: creating hex file...
"led.axf" - 0 Error(s), 0 Warning(s).
Build target 'Target 1'
linking...
Program Size: Code=12294 RO-data=782 RW-data=48 ZI-data=1832  
FromELF: creating hex file...
"led.axf" - 0 Error(s), 0 Warning(s).
Build target 'Target 1'
linking...
Program Size: Code=12294 RO-data=782 RW-data=48 ZI-data=1832  
FromELF: creating hex file...
"led.axf" - 0 Error(s), 0 Warning(s).
compiling d:\kell\arm\sfd\st\stm32f10x\stm32f10x_lib.sfd...
Build target 'Target 1'
compiling main.c...
User\main.c(9): warning:  #177-D: variable "ret" was declared but never referenced
User\main.c:    char ret=0;
User\main.c:         ^
User\main.c: User\main.c: 1 warning, 0 errors
linking...
Program Size: Code=12290 RO-data=782 RW-data=48 ZI-data=1832  
FromELF: creating hex file...
"led.axf" - 0 Error(s), 1 Warning(s).
Build target 'Target 1'
linking...
Program Size: Code=12290 RO-data=782 RW-data=48 ZI-data=1832  
FromELF: creating hex file...
"led.axf" - 0 Error(s), 0 Warning(s).
Build target 'Target 1'
linking...
Program Size: Code=12290 RO-data=782 RW-data=48 ZI-data=1832  
FromELF: creating hex file...
"led.axf" - 0 Error(s), 0 Warning(s).
Build target 'Target 1'
compiling main.c...
User\main.c(9): warning:  #177-D: variable "ret" was declared but never referenced
User\main.c:    char ret=0;
User\main.c:         ^
User\main.c: User\main.c: 1 warning, 0 errors
linking...
Program Size: Code=12290 RO-data=782 RW-data=48 ZI-data=1832  
FromELF: creating hex file...
"led.axf" - 0 Error(s), 1 Warning(s).
Build target 'Target 1'
compiling main.c...
linking...
Program Size: Code=12286 RO-data=782 RW-data=48 ZI-data=1832  
FromELF: creating hex file...
"led.axf" - 0 Error(s), 0 Warning(s).
Build target 'Target 1'
linking...
Program Size: Code=12286 RO-data=782 RW-data=48 ZI-data=1832  
FromELF: creating hex file...
"led.axf" - 0 Error(s), 0 Warning(s).
Build target 'Target 1'
compiling main.c...
linking...
Program Size: Code=12286 RO-data=782 RW-data=48 ZI-data=1832  
FromELF: creating hex file...
"led.axf" - 0 Error(s), 0 Warning(s).
Build target 'Target 1'
compiling main.c...
linking...
Program Size: Code=12290 RO-data=782 RW-data=48 ZI-data=1832  
FromELF: creating hex file...
"led.axf" - 0 Error(s), 0 Warning(s).
Build target 'Target 1'
compiling usart.c...
linking...
Program Size: Code=12294 RO-data=782 RW-data=48 ZI-data=1832  
FromELF: creating hex file...
"led.axf" - 0 Error(s), 0 Warning(s).
Build target 'Target 1'
linking...
Program Size: Code=12294 RO-data=782 RW-data=48 ZI-data=1832  
FromELF: creating hex file...
"led.axf" - 0 Error(s), 0 Warning(s).
Build target 'Target 1'
linking...
Program Size: Code=12294 RO-data=782 RW-data=48 ZI-data=1832  
FromELF: creating hex file...
"led.axf" - 0 Error(s), 0 Warning(s).
Build target 'Target 1'
compiling usart.c...
Basic\usart\usart.c(80): error:  #29: expected an expression
Basic\usart\usart.c:                                    USART1_RX_STA=|0x8000;
Basic\usart\usart.c:                                                  ^
Basic\usart\usart.c: Basic\usart\usart.c: 0 warnings, 1 error
Target not created
Build target 'Target 1'
compiling usart.c...
Basic\usart\usart.c(80): error:  #29: expected an expression
Basic\usart\usart.c:                                    USART1_RX_STA=|0x8000;
Basic\usart\usart.c:                                                  ^
Basic\usart\usart.c: Basic\usart\usart.c: 0 warnings, 1 error
Target not created
Build target 'Target 1'
compiling usart.c...
linking...
Program Size: Code=12298 RO-data=782 RW-data=48 ZI-data=1832  
FromELF: creating hex file...
"led.axf" - 0 Error(s), 0 Warning(s).
Build target 'Target 1'
linking...
Program Size: Code=12298 RO-data=782 RW-data=48 ZI-data=1832  
FromELF: creating hex file...
"led.axf" - 0 Error(s), 0 Warning(s).
Build target 'Target 1'
compiling main.c...
linking...
Program Size: Code=12310 RO-data=782 RW-data=48 ZI-data=1832  
FromELF: creating hex file...
"led.axf" - 0 Error(s), 0 Warning(s).
Build target 'Target 1'
linking...
Program Size: Code=12310 RO-data=782 RW-data=48 ZI-data=1832  
FromELF: creating hex file...
"led.axf" - 0 Error(s), 0 Warning(s).
Build target 'Target 1'
compiling usart.c...
linking...
Program Size: Code=12314 RO-data=782 RW-data=48 ZI-data=1832  
FromELF: creating hex file...
"led.axf" - 0 Error(s), 0 Warning(s).
Build target 'Target 1'
linking...
Program Size: Code=12314 RO-data=782 RW-data=48 ZI-data=1832  
FromELF: creating hex file...
"led.axf" - 0 Error(s), 0 Warning(s).
Build target 'Target 1'
compiling main.c...
linking...
Program Size: Code=12314 RO-data=782 RW-data=48 ZI-data=1832  
FromELF: creating hex file...
"led.axf" - 0 Error(s), 0 Warning(s).
