<html>
<body>
<pre>
<h1>µVision Build Log</h1>
<h2>Project:</h2>
E:\ÏîÄ¿\stm32\11.usart³¬¼¶ÖÕ¶Ë\led.uvproj
Project File Date:  04/07/2022

<h2>Output:</h2>
Build target 'Target 1'
compiling main.c...
.\Basic\usart\usart.h(19): error:  #20: identifier "USART_REC_LEN" is undefined
.\Basic\usart\usart.h:   extern u8 USART1_RX_BUF[USART_REC_LEN];
.\Basic\usart\usart.h:                           ^
.\Basic\usart\usart.h: User\main.c: 0 warnings, 1 error
compiling usart.c...
Basic\usart\usart.h(19): error:  #20: identifier "USART_REC_LEN" is undefined
Basic\usart\usart.h:   extern u8 USART1_RX_BUF[USART_REC_LEN];
Basic\usart\usart.h:                           ^
Basic\usart\usart.c(74): warning:  #223-D: function "GetITStatus" declared implicitly
Basic\usart\usart.c:    if(GetITStatus(USART1,USART_IT_RXNE)){
Basic\usart\usart.c:       ^
Basic\usart\usart.c(75): warning:  #223-D: function "USART_ReceiveDate" declared implicitly
Basic\usart\usart.c:            res=USART_ReceiveDate(USART1);
Basic\usart\usart.c:                ^
Basic\usart\usart.c(76): error:  #20: identifier "ret" is undefined
Basic\usart\usart.c:            printf("%c ",ret);
Basic\usart\usart.c:                         ^
Basic\usart\usart.c(78): error:  #20: identifier "USART1_REC_SX" is undefined
Basic\usart\usart.c:                    if(USART1_REC_SX&0x4000){
Basic\usart\usart.c:                       ^
Basic\usart\usart.c: Basic\usart\usart.c: 2 warnings, 3 errors
Target not created
Build target 'Target 1'
compiling main.c...
compiling usart.c...
Basic\usart\usart.c(74): warning:  #223-D: function "GetITStatus" declared implicitly
Basic\usart\usart.c:    if(GetITStatus(USART1,USART_IT_RXNE)){
Basic\usart\usart.c:       ^
Basic\usart\usart.c(75): warning:  #223-D: function "USART_ReceiveDate" declared implicitly
Basic\usart\usart.c:            res=USART_ReceiveDate(USART1);
Basic\usart\usart.c:                ^
Basic\usart\usart.c(76): error:  #20: identifier "ret" is undefined
Basic\usart\usart.c:            printf("%c ",ret);
Basic\usart\usart.c:                         ^
Basic\usart\usart.c(78): error:  #20: identifier "USART1_REC_SX" is undefined
Basic\usart\usart.c:                    if(USART1_REC_SX&0x4000){
Basic\usart\usart.c:                       ^
Basic\usart\usart.c: Basic\usart\usart.c: 2 warnings, 2 errors
Target not created
Build target 'Target 1'
compiling usart.c...
Basic\usart\usart.c(75): warning:  #223-D: function "USART_ReceiveDate" declared implicitly
Basic\usart\usart.c:            res=USART_ReceiveDate(USART1);
Basic\usart\usart.c:                ^
Basic\usart\usart.c(76): error:  #20: identifier "ret" is undefined
Basic\usart\usart.c:            printf("%c ",ret);
Basic\usart\usart.c:                         ^
Basic\usart\usart.c(78): error:  #20: identifier "USART1_REC_SX" is undefined
Basic\usart\usart.c:                    if(USART1_REC_SX&0x4000){
Basic\usart\usart.c:                       ^
Basic\usart\usart.c: Basic\usart\usart.c: 1 warning, 2 errors
Target not created
Build target 'Target 1'
compiling usart.c...
Basic\usart\usart.c(76): error:  #20: identifier "ret" is undefined
Basic\usart\usart.c:            printf("%c ",ret);
Basic\usart\usart.c:                         ^
Basic\usart\usart.c(78): error:  #20: identifier "USART1_REC_SX" is undefined
Basic\usart\usart.c:                    if(USART1_REC_SX&0x4000){
Basic\usart\usart.c:                       ^
Basic\usart\usart.c: Basic\usart\usart.c: 0 warnings, 2 errors
Target not created
Build target 'Target 1'
compiling usart.c...
Basic\usart\usart.c(78): error:  #20: identifier "USART1_REC_STA" is undefined
Basic\usart\usart.c:                    if(USART1_REC_STA&0x4000){
Basic\usart\usart.c:                       ^
Basic\usart\usart.c: Basic\usart\usart.c: 0 warnings, 1 error
Target not created
Build target 'Target 1'
compiling usart.c...
linking...
Program Size: Code=12610 RO-data=938 RW-data=48 ZI-data=1832  
FromELF: creating hex file...
"led.axf" - 0 Error(s), 0 Warning(s).
