<html>
<body>
<pre>
<h1>µVision Build Log</h1>
<h2>Project:</h2>
E:\ÏîÄ¿\stm32\03.ºôÎüµÆ\led.uvproj
Project File Date:  04/02/2022

<h2>Output:</h2>
Build target 'Target 1'
compiling main.c...
User\main.c(27): error:  #40: expected an identifier
User\main.c:                    u8 =0;
User\main.c:                       ^
User\main.c(28): error:  #20: identifier "i" is undefined
User\main.c:                    while(i++<10){
User\main.c:                          ^
User\main.c(40): warning:  #111-D: statement is unreachable
User\main.c:    return 0;
User\main.c:    ^
User\main.c: User\main.c: 1 warning, 2 errors
compiling delay.c...
compiling sys.c...
compiling led.c...
Target not created
Build target 'Target 1'
compiling main.c...
User\main.c(39): warning:  #111-D: statement is unreachable
User\main.c:    return 0;
User\main.c:    ^
User\main.c: User\main.c: 1 warning, 0 errors
linking...
Program Size: Code=4764 RO-data=268 RW-data=40 ZI-data=1632  
FromELF: creating hex file...
"led.axf" - 0 Error(s), 1 Warning(s).
Build target 'Target 1'
compiling main.c...
linking...
Program Size: Code=4764 RO-data=268 RW-data=40 ZI-data=1632  
FromELF: creating hex file...
"led.axf" - 0 Error(s), 0 Warning(s).
Build target 'Target 1'
compiling main.c...
linking...
Program Size: Code=4736 RO-data=268 RW-data=40 ZI-data=1632  
FromELF: creating hex file...
"led.axf" - 0 Error(s), 0 Warning(s).
Build target 'Target 1'
compiling main.c...
linking...
Program Size: Code=4736 RO-data=268 RW-data=40 ZI-data=1632  
FromELF: creating hex file...
"led.axf" - 0 Error(s), 0 Warning(s).
Build target 'Target 1'
compiling main.c...
linking...
Program Size: Code=4764 RO-data=268 RW-data=40 ZI-data=1632  
FromELF: creating hex file...
"led.axf" - 0 Error(s), 0 Warning(s).
Build target 'Target 1'
compiling main.c...
linking...
Program Size: Code=4764 RO-data=268 RW-data=40 ZI-data=1632  
FromELF: creating hex file...
"led.axf" - 0 Error(s), 0 Warning(s).
