<html>
<body>
<pre>
<h1>µVision Build Log</h1>
<h2>Project:</h2>
E:\stm32\12.rtc ±÷”\led.uvproj
Project File Date:  04/18/2022

<h2>Output:</h2>
Build target 'Target 1'
compiling core_cm3.c...
compiling system_stm32f10x.c...
compiling misc.c...
compiling stm32f10x_adc.c...
compiling stm32f10x_bkp.c...
compiling stm32f10x_cec.c...
compiling stm32f10x_crc.c...
compiling stm32f10x_dac.c...
compiling stm32f10x_dbgmcu.c...
compiling stm32f10x_dma.c...
compiling stm32f10x_exti.c...
compiling stm32f10x_flash.c...
compiling stm32f10x_fsmc.c...
compiling stm32f10x_gpio.c...
compiling stm32f10x_pwr.c...
compiling stm32f10x_rcc.c...
compiling stm32f10x_sdio.c...
compiling stm32f10x_spi.c...
compiling stm32f10x_rtc.c...
compiling main.c...
compiling stm32f10x_it.c...
compiling led.c...
compiling sys.c...
compiling rtc.c...
Basic\rtc\rtc.c(1): warning:  #1-D: last line of file ends without a newline
Basic\rtc\rtc.c:   #include"rtc.h"
Basic\rtc\rtc.c:                  ^
Basic\rtc\rtc.c: Basic\rtc\rtc.c: 1 warning, 0 errors
linking...
Program Size: Code=4556 RO-data=268 RW-data=40 ZI-data=1632  
FromELF: creating hex file...
"led.axf" - 0 Error(s), 1 Warning(s).
Build target 'Target 1'
compiling main.c...
compiling rtc.c...
Basic\rtc\rtc.c(11): warning:  #223-D: function "RTC_WaiteForSynchro" declared implicitly
Basic\rtc\rtc.c:        RTC_WaiteForSynchro();
Basic\rtc\rtc.c:        ^
Basic\rtc\rtc.c(12): warning:  #223-D: function "RTC_WaiteForLastTask" declared implicitly
Basic\rtc\rtc.c:        RTC_WaiteForLastTask();
Basic\rtc\rtc.c:        ^
Basic\rtc\rtc.c(25): error:  #20: identifier "RTC_FLAG_PORRST" is undefined
Basic\rtc\rtc.c:                if(!RCC_GetFlagStatus(RTC_FLAG_PORRST)){
Basic\rtc\rtc.c:                                      ^
Basic\rtc\rtc.c(28): error:  #20: identifier "RTC_FLAG_PINRST" is undefined
Basic\rtc\rtc.c:                else if(!RCC_GetFlagStatus(RTC_FLAG_PINRST)){
Basic\rtc\rtc.c:                                           ^
Basic\rtc\rtc.c(33): warning:  #223-D: function "RTC_WaiteForSynchro" declared implicitly
Basic\rtc\rtc.c:                RTC_WaiteForSynchro();
Basic\rtc\rtc.c:                ^
Basic\rtc\rtc.c(35): warning:  #223-D: function "RTC_WaiteForLastTask" declared implicitly
Basic\rtc\rtc.c:                RTC_WaiteForLastTask();
Basic\rtc\rtc.c:                ^
Basic\rtc\rtc.c: Basic\rtc\rtc.c: 4 warnings, 2 errors
Target not created
