<html>
<body>
<pre>
<h1>µVision Build Log</h1>
<h2>Project:</h2>
E:\stm32\12.rtc ±÷” - ∏±±æ\led.uvproj
Project File Date:  04/22/2022

<h2>Output:</h2>
Build target 'Target 1'
compiling main.c...
compiling led.c...
compiling rtc.c...
linking...
Program Size: Code=5660 RO-data=268 RW-data=44 ZI-data=1636  
FromELF: creating hex file...
"led.axf" - 0 Error(s), 0 Warning(s).
Build target 'Target 1'
linking...
Program Size: Code=5660 RO-data=268 RW-data=44 ZI-data=1636  
FromELF: creating hex file...
"led.axf" - 0 Error(s), 0 Warning(s).
