<html>
<body>
<pre>
<h1>µVision Build Log</h1>
<h2>Project:</h2>
E:\stm32\rtc\rtc.uvproj
Project File Date:  04/20/2022

<h2>Output:</h2>
Build target 'Target 1'
compiling core_cm3.c...
compiling system_stm32f10x.c...
compiling misc.c...
compiling stm32f10x_adc.c...
compiling stm32f10x_bkp.c...
compiling stm32f10x_cec.c...
compiling stm32f10x_crc.c...
compiling stm32f10x_dac.c...
compiling stm32f10x_dma.c...
compiling stm32f10x_exti.c...
compiling stm32f10x_gpio.c...
compiling stm32f10x_pwr.c...
compiling stm32f10x_rcc.c...
compiling stm32f10x_rtc.c...
compiling stm32f10x_sdio.c...
compiling stm32f10x_spi.c...
compiling stm32f10x_tim.c...
assembling startup_stm32f10x_md.s...
compiling main.c...
compiling stm32f10x_it.c...
compiling rtc.c...
Basic\rtc\rtc.c(1): warning:  #1-D: last line of file ends without a newline
Basic\rtc\rtc.c:   #include"rtc.h"
Basic\rtc\rtc.c:                  ^
Basic\rtc\rtc.c: Basic\rtc\rtc.c: 1 warning, 0 errors
compiling sys.c...
compiling led.c...
Hardware\LED\led.c(1): warning:  #1-D: last line of file ends without a newline
Hardware\LED\led.c:   #include"led.h"
Hardware\LED\led.c:                  ^
Hardware\LED\led.c: Hardware\LED\led.c: 1 warning, 0 errors
linking...
rtc.axf: Error: L6218E: Undefined symbol FLASH_PrefetchBufferCmd (referred from sys.o).
rtc.axf: Error: L6218E: Undefined symbol FLASH_SetLatency (referred from sys.o).
rtc.axf: Error: L6218E: Undefined symbol main (referred from rtentry2.o).
rtc.axf: Not enough information to list image symbols.
rtc.axf: Finished: 1 information, 0 warning and 3 error messages.
Target not created
Build target 'Target 1'
compiling main.c...
User\main.c(9): warning:  #223-D: function "whlie" declared implicitly
User\main.c:    whlie(1){
User\main.c:    ^
User\main.c(9): error:  #65: expected a ";"
User\main.c:    whlie(1){
User\main.c:            ^
User\main.c(12): warning:  #12-D: parsing restarts here after previous syntax error
User\main.c:   }
User\main.c:   ^
User\main.c: User\main.c: 2 warnings, 1 error
compiling led.c...
Hardware\LED\led.c(5): error:  #268: declaration may not appear after executable statement in block
Hardware\LED\led.c:     GPIO_InitTypeDef GPIO_InitStructure;
Hardware\LED\led.c:     ^
Hardware\LED\led.c(6): error:  #29: expected an expression
Hardware\LED\led.c:     GPIO_InitStructure.GPIO_Pin=LED1|LED2;
Hardware\LED\led.c:                                     ^
Hardware\LED\led.c(10): warning:  #1-D: last line of file ends without a newline
Hardware\LED\led.c:   }
Hardware\LED\led.c:    ^
Hardware\LED\led.c: Hardware\LED\led.c: 1 warning, 2 errors
Target not created
Build target 'Target 1'
compiling main.c...
User\main.c(9): warning:  #223-D: function "whlie" declared implicitly
User\main.c:    whlie(1){
User\main.c:    ^
User\main.c(9): error:  #65: expected a ";"
User\main.c:    whlie(1){
User\main.c:            ^
User\main.c(12): warning:  #12-D: parsing restarts here after previous syntax error
User\main.c:   }
User\main.c:   ^
User\main.c: User\main.c: 2 warnings, 1 error
compiling led.c...
Hardware\LED\led.c(5): error:  #268: declaration may not appear after executable statement in block
Hardware\LED\led.c:     GPIO_InitTypeDef GPIO_InitStructure;
Hardware\LED\led.c:     ^
Hardware\LED\led.c(6): error:  #29: expected an expression
Hardware\LED\led.c:     GPIO_InitStructure.GPIO_Pin=LED1|LED2;
Hardware\LED\led.c:                                     ^
Hardware\LED\led.c(10): warning:  #1-D: last line of file ends without a newline
Hardware\LED\led.c:   }
Hardware\LED\led.c:    ^
Hardware\LED\led.c: Hardware\LED\led.c: 1 warning, 2 errors
Target not created
Build target 'Target 1'
compiling main.c...
User\main.c(10): error:  #18: expected a ")"
User\main.c:            GPIO_SetBits(LEDPORT,LED1);
User\main.c:                                 ^
User\main.c(10): error:  #29: expected an expression
User\main.c:            GPIO_SetBits(LEDPORT,LED1);
User\main.c:                                     ^
User\main.c: User\main.c: 0 warnings, 2 errors
compiling led.c...
Hardware\LED\led.c(5): error:  #268: declaration may not appear after executable statement in block
Hardware\LED\led.c:     GPIO_InitTypeDef GPIO_InitStructure;
Hardware\LED\led.c:     ^
Hardware\LED\led.c(6): error:  #29: expected an expression
Hardware\LED\led.c:     GPIO_InitStructure.GPIO_Pin=LED1|LED2;
Hardware\LED\led.c:                                     ^
Hardware\LED\led.c(10): warning:  #1-D: last line of file ends without a newline
Hardware\LED\led.c:   }
Hardware\LED\led.c:    ^
Hardware\LED\led.c: Hardware\LED\led.c: 1 warning, 2 errors
Target not created
Build target 'Target 1'
compiling main.c...
User\main.c(10): error:  #18: expected a ")"
User\main.c:            GPIO_SetBits(LEDPORT,LED1);
User\main.c:                                 ^
User\main.c(10): error:  #29: expected an expression
User\main.c:            GPIO_SetBits(LEDPORT,LED1);
User\main.c:                                     ^
User\main.c: User\main.c: 0 warnings, 2 errors
compiling led.c...
Hardware\LED\led.c(5): error:  #268: declaration may not appear after executable statement in block
Hardware\LED\led.c:     GPIO_InitTypeDef GPIO_InitStructure;
Hardware\LED\led.c:     ^
Hardware\LED\led.c(6): error:  #29: expected an expression
Hardware\LED\led.c:     GPIO_InitStructure.GPIO_Pin=LED1|LED2;
Hardware\LED\led.c:                                     ^
Hardware\LED\led.c: Hardware\LED\led.c: 0 warnings, 2 errors
Target not created
Build target 'Target 1'
compiling main.c...
User\main.c(10): error:  #18: expected a ")"
User\main.c:            GPIO_SetBits(LEDPORT,LED1);
User\main.c:                                 ^
User\main.c(10): error:  #29: expected an expression
User\main.c:            GPIO_SetBits(LEDPORT,LED1);
User\main.c:                                     ^
User\main.c: User\main.c: 0 warnings, 2 errors
compiling led.c...
Hardware\LED\led.c(6): error:  #29: expected an expression
Hardware\LED\led.c:     GPIO_InitStructure.GPIO_Pin=LED1|LED2;
Hardware\LED\led.c:                                     ^
Hardware\LED\led.c: Hardware\LED\led.c: 0 warnings, 1 error
Target not created
Build target 'Target 1'
compiling main.c...
User\main.c(10): error:  #18: expected a ")"
User\main.c:            GPIO_SetBits(LEDPORT,LED1);
User\main.c:                                 ^
User\main.c(10): error:  #29: expected an expression
User\main.c:            GPIO_SetBits(LEDPORT,LED1);
User\main.c:                                     ^
User\main.c: User\main.c: 0 warnings, 2 errors
compiling led.c...
Hardware\LED\led.c(6): error:  #29: expected an expression
Hardware\LED\led.c:     GPIO_InitStructure.GPIO_Pin=LED1|LED2;
Hardware\LED\led.c:                                     ^
Hardware\LED\led.c: Hardware\LED\led.c: 0 warnings, 1 error
Target not created
Build target 'Target 1'
compiling main.c...
User\main.c(10): error:  #18: expected a ")"
User\main.c:            GPIO_SetBits(LEDPORT,LED1);
User\main.c:                                 ^
User\main.c(10): error:  #29: expected an expression
User\main.c:            GPIO_SetBits(LEDPORT,LED1);
User\main.c:                                     ^
User\main.c: User\main.c: 0 warnings, 2 errors
compiling led.c...
Hardware\LED\led.c(6): error:  #29: expected an expression
Hardware\LED\led.c:     GPIO_InitStructure.GPIO_Pin=LED1|LED2;
Hardware\LED\led.c:                                     ^
Hardware\LED\led.c: Hardware\LED\led.c: 0 warnings, 1 error
Target not created
Build target 'Target 1'
compiling main.c...
User\main.c(10): error:  #18: expected a ")"
User\main.c:            GPIO_SetBits(LEDPORT,LED1);
User\main.c:                                 ^
User\main.c(10): error:  #29: expected an expression
User\main.c:            GPIO_SetBits(LEDPORT,LED1);
User\main.c:                                     ^
User\main.c: User\main.c: 0 warnings, 2 errors
compiling led.c...
Hardware\LED\led.c(6): error:  #29: expected an expression
Hardware\LED\led.c:     GPIO_InitStructure.GPIO_Pin=LED1|LED2;
Hardware\LED\led.c:                                     ^
Hardware\LED\led.c: Hardware\LED\led.c: 0 warnings, 1 error
Target not created
Build target 'Target 1'
compiling main.c...
compiling led.c...
linking...
rtc.axf: Error: L6218E: Undefined symbol FLASH_PrefetchBufferCmd (referred from sys.o).
rtc.axf: Error: L6218E: Undefined symbol FLASH_SetLatency (referred from sys.o).
rtc.axf: Not enough information to list image symbols.
rtc.axf: Finished: 1 information, 0 warning and 2 error messages.
Target not created
Build target 'Target 1'
linking...
rtc.axf: Error: L6218E: Undefined symbol FLASH_PrefetchBufferCmd (referred from sys.o).
rtc.axf: Error: L6218E: Undefined symbol FLASH_SetLatency (referred from sys.o).
rtc.axf: Not enough information to list image symbols.
rtc.axf: Finished: 1 information, 0 warning and 2 error messages.
Target not created
Build target 'Target 1'
compiling stm32f10x_flash.c...
linking...
Program Size: Code=4552 RO-data=268 RW-data=40 ZI-data=1632  
FromELF: creating hex file...
"rtc.axf" - 0 Error(s), 0 Warning(s).
Build target 'Target 1'
linking...
Program Size: Code=4552 RO-data=268 RW-data=40 ZI-data=1632  
FromELF: creating hex file...
"rtc.axf" - 0 Error(s), 0 Warning(s).
Build target 'Target 1'
compiling main.c...
compiling rtc.c...
Basic\rtc\rtc.c(4): warning:  #223-D: function "RCC_APB1PeriphClockCmd" declared implicitly
Basic\rtc\rtc.c:        RCC_APB1PeriphClockCmd(RCC_APB1Periph_PWR|RCC_APB1Periph_BKP,ENABLE);
Basic\rtc\rtc.c:        ^
Basic\rtc\rtc.c(4): error:  #20: identifier "RCC_APB1Periph_PWR" is undefined
Basic\rtc\rtc.c:        RCC_APB1PeriphClockCmd(RCC_APB1Periph_PWR|RCC_APB1Periph_BKP,ENABLE);
Basic\rtc\rtc.c:                               ^
Basic\rtc\rtc.c(4): error:  #20: identifier "RCC_APB1Periph_BKP" is undefined
Basic\rtc\rtc.c:        RCC_APB1PeriphClockCmd(RCC_APB1Periph_PWR|RCC_APB1Periph_BKP,ENABLE);
Basic\rtc\rtc.c:                                                  ^
Basic\rtc\rtc.c(4): error:  #20: identifier "ENABLE" is undefined
Basic\rtc\rtc.c:        RCC_APB1PeriphClockCmd(RCC_APB1Periph_PWR|RCC_APB1Periph_BKP,ENABLE);
Basic\rtc\rtc.c:                                                                     ^
Basic\rtc\rtc.c(5): warning:  #223-D: function "PWR_BackupAccessCmd" declared implicitly
Basic\rtc\rtc.c:        PWR_BackupAccessCmd(ENABLE);
Basic\rtc\rtc.c:        ^
Basic\rtc\rtc.c(6): warning:  #223-D: function "BKP_DeInit" declared implicitly
Basic\rtc\rtc.c:        BKP_DeInit();
Basic\rtc\rtc.c:        ^
Basic\rtc\rtc.c(7): warning:  #223-D: function "RCC_LSEConfig" declared implicitly
Basic\rtc\rtc.c:        RCC_LSEConfig(RCC_LSE_ON);
Basic\rtc\rtc.c:        ^
Basic\rtc\rtc.c(7): error:  #20: identifier "RCC_LSE_ON" is undefined
Basic\rtc\rtc.c:        RCC_LSEConfig(RCC_LSE_ON);
Basic\rtc\rtc.c:                      ^
Basic\rtc\rtc.c(8): warning:  #223-D: function "RCC_GetFlagStatus" declared implicitly
Basic\rtc\rtc.c:        while(!RCC_GetFlagStatus(RCC_FLAG_LSERDY));
Basic\rtc\rtc.c:               ^
Basic\rtc\rtc.c(8): error:  #20: identifier "RCC_FLAG_LSERDY" is undefined
Basic\rtc\rtc.c:        while(!RCC_GetFlagStatus(RCC_FLAG_LSERDY));
Basic\rtc\rtc.c:                                 ^
Basic\rtc\rtc.c(9): warning:  #223-D: function "RCC_RTCCLKConfig" declared implicitly
Basic\rtc\rtc.c:        RCC_RTCCLKConfig(RCC_RTCCLKSource_LSE);
Basic\rtc\rtc.c:        ^
Basic\rtc\rtc.c(9): error:  #20: identifier "RCC_RTCCLKSource_LSE" is undefined
Basic\rtc\rtc.c:        RCC_RTCCLKConfig(RCC_RTCCLKSource_LSE);
Basic\rtc\rtc.c:                         ^
Basic\rtc\rtc.c(10): warning:  #223-D: function "RCC_RTCCLKCmd" declared implicitly
Basic\rtc\rtc.c:        RCC_RTCCLKCmd(ENABLE);
Basic\rtc\rtc.c:        ^
Basic\rtc\rtc.c(11): warning:  #223-D: function "RTC_WaitForSynchro" declared implicitly
Basic\rtc\rtc.c:        RTC_WaitForSynchro();
Basic\rtc\rtc.c:        ^
Basic\rtc\rtc.c(12): warning:  #223-D: function "RTC_WaitForLastTask" declared implicitly
Basic\rtc\rtc.c:        RTC_WaitForLastTask();
Basic\rtc\rtc.c:        ^
Basic\rtc\rtc.c(13): warning:  #223-D: function "RTC_SetPrescaler" declared implicitly
Basic\rtc\rtc.c:        RTC_SetPrescaler();
Basic\rtc\rtc.c:        ^
Basic\rtc\rtc.c(15): warning:  #223-D: function "RTC_ITConfig" declared implicitly
Basic\rtc\rtc.c:        RTC_ITConfig(RTC_IT_SEC,DISABLE);
Basic\rtc\rtc.c:        ^
Basic\rtc\rtc.c(15): error:  #20: identifier "RTC_IT_SEC" is undefined
Basic\rtc\rtc.c:        RTC_ITConfig(RTC_IT_SEC,DISABLE);
Basic\rtc\rtc.c:                     ^
Basic\rtc\rtc.c(15): error:  #20: identifier "DISABLE" is undefined
Basic\rtc\rtc.c:        RTC_ITConfig(RTC_IT_SEC,DISABLE);
Basic\rtc\rtc.c:                                ^
Basic\rtc\rtc.c(20): warning:  #223-D: function "BKP_ReadBackupRegister" declared implicitly
Basic\rtc\rtc.c:        if(BKP_ReadBackupRegister(BKP_DR1)!=0xA5A5){
Basic\rtc\rtc.c:           ^
Basic\rtc\rtc.c(20): error:  #20: identifier "BKP_DR1" is undefined
Basic\rtc\rtc.c:        if(BKP_ReadBackupRegister(BKP_DR1)!=0xA5A5){
Basic\rtc\rtc.c:                                  ^
Basic\rtc\rtc.c(22): warning:  #223-D: function "BKP_WriteBackupRegister" declared implicitly
Basic\rtc\rtc.c:                BKP_WriteBackupRegister(BKP_DR1,0xA5A5);
Basic\rtc\rtc.c:                ^
Basic\rtc\rtc.c(25): warning:  #223-D: function "RCC_GetFlagStatus" declared implicitly
Basic\rtc\rtc.c:                if(RCC_GetFlagStatus(RCC_FALG_PORRST)){
Basic\rtc\rtc.c:                   ^
Basic\rtc\rtc.c(25): error:  #20: identifier "RCC_FALG_PORRST" is undefined
Basic\rtc\rtc.c:                if(RCC_GetFlagStatus(RCC_FALG_PORRST)){
Basic\rtc\rtc.c:                                     ^
Basic\rtc\rtc.c(28): error:  #20: identifier "RCC_FALG_PINRST" is undefined
Basic\rtc\rtc.c:                else if(RCC_GetFlagStatus(RCC_FALG_PINRST)){
Basic\rtc\rtc.c:                                          ^
Basic\rtc\rtc.c(31): warning:  #223-D: function "RCC_RTCCLKCmd" declared implicitly
Basic\rtc\rtc.c:                RCC_RTCCLKCmd(ENABLE);
Basic\rtc\rtc.c:                ^
Basic\rtc\rtc.c(31): error:  #20: identifier "ENABLE" is undefined
Basic\rtc\rtc.c:                RCC_RTCCLKCmd(ENABLE);
Basic\rtc\rtc.c:                              ^
Basic\rtc\rtc.c(32): warning:  #223-D: function "RTC_WaitForSynchro" declared implicitly
Basic\rtc\rtc.c:                RTC_WaitForSynchro();
Basic\rtc\rtc.c:                ^
Basic\rtc\rtc.c(33): warning:  #223-D: function "RTC_WaitForLastTask" declared implicitly
Basic\rtc\rtc.c:                RTC_WaitForLastTask();
Basic\rtc\rtc.c:                ^
Basic\rtc\rtc.c(34): warning:  #223-D: function "RTC_ITConfig" declared implicitly
Basic\rtc\rtc.c:                RTC_ITConfig(RTC_IT_SEC,DISABLE);
Basic\rtc\rtc.c:                ^
Basic\rtc\rtc.c(34): error:  #20: identifier "RTC_IT_SEC" is undefined
Basic\rtc\rtc.c:                RTC_ITConfig(RTC_IT_SEC,DISABLE);
Basic\rtc\rtc.c:                             ^
Basic\rtc\rtc.c(34): error:  #20: identifier "DISABLE" is undefined
Basic\rtc\rtc.c:                RTC_ITConfig(RTC_IT_SEC,DISABLE);
Basic\rtc\rtc.c:                                        ^
Basic\rtc\rtc.c(38): warning:  #223-D: function "RCC_APB1PeriphClockCmd" declared implicitly
Basic\rtc\rtc.c:        RCC_APB1PeriphClockCmd(RCC_APB1Periph_PWR|RCC_APB1Periph_BKP,ENABLE);
Basic\rtc\rtc.c:        ^
Basic\rtc\rtc.c(38): error:  #20: identifier "RCC_APB1Periph_PWR" is undefined
Basic\rtc\rtc.c:        RCC_APB1PeriphClockCmd(RCC_APB1Periph_PWR|RCC_APB1Periph_BKP,ENABLE);
Basic\rtc\rtc.c:                               ^
Basic\rtc\rtc.c(38): error:  #20: identifier "RCC_APB1Periph_BKP" is undefined
Basic\rtc\rtc.c:        RCC_APB1PeriphClockCmd(RCC_APB1Periph_PWR|RCC_APB1Periph_BKP,ENABLE);
Basic\rtc\rtc.c:                                                  ^
Basic\rtc\rtc.c(38): error:  #20: identifier "ENABLE" is undefined
Basic\rtc\rtc.c:        RCC_APB1PeriphClockCmd(RCC_APB1Periph_PWR|RCC_APB1Periph_BKP,ENABLE);
Basic\rtc\rtc.c:                                                                     ^
Basic\rtc\rtc.c(39): warning:  #223-D: function "PWR_BackupAccessCmd" declared implicitly
Basic\rtc\rtc.c:        PWR_BackupAccessCmd(ENABLE);
Basic\rtc\rtc.c:        ^
Basic\rtc\rtc.c(40): warning:  #223-D: function "BKP_TamperPinCmd" declared implicitly
Basic\rtc\rtc.c:        BKP_TamperPinCmd(DISABLE);
Basic\rtc\rtc.c:        ^
Basic\rtc\rtc.c(40): error:  #20: identifier "DISABLE" is undefined
Basic\rtc\rtc.c:        BKP_TamperPinCmd(DISABLE);
Basic\rtc\rtc.c:                         ^
Basic\rtc\rtc.c(41): warning:  #223-D: function "BKP_RTCOutputConfig" declared implicitly
Basic\rtc\rtc.c:        BKP_RTCOutputConfig(BKP_RTCOutputSource_CalibClock);
Basic\rtc\rtc.c:        ^
Basic\rtc\rtc.c(41): error:  #20: identifier "BKP_RTCOutputSource_CalibClock" is undefined
Basic\rtc\rtc.c:        BKP_RTCOutputConfig(BKP_RTCOutputSource_CalibClock);
Basic\rtc\rtc.c:                            ^
Basic\rtc\rtc.c(46): warning:  #223-D: function "RTC_GetITStatus" declared implicitly
Basic\rtc\rtc.c:        if(RTC_GetITStatus(RTC_IT_SEC)){
Basic\rtc\rtc.c:           ^
Basic\rtc\rtc.c(46): error:  #20: identifier "RTC_IT_SEC" is undefined
Basic\rtc\rtc.c:        if(RTC_GetITStatus(RTC_IT_SEC)){
Basic\rtc\rtc.c:                           ^
Basic\rtc\rtc.c(49): warning:  #223-D: function "RTC_ClearITPendingBit" declared implicitly
Basic\rtc\rtc.c:        RTC_ClearITPendingBit(RTC_IT_SEC);
Basic\rtc\rtc.c:        ^
Basic\rtc\rtc.c(50): warning:  #223-D: function "RTC_WaitForLastTask" declared implicitly
Basic\rtc\rtc.c:        RTC_WaitForLastTask();
Basic\rtc\rtc.c:        ^
Basic\rtc\rtc.c(54): warning:  #223-D: function "RTC_GetITStatus" declared implicitly
Basic\rtc\rtc.c:        if(RTC_GetITStatus(RTC_IT_ALR)){
Basic\rtc\rtc.c:           ^
Basic\rtc\rtc.c(54): error:  #20: identifier "RTC_IT_ALR" is undefined
Basic\rtc\rtc.c:        if(RTC_GetITStatus(RTC_IT_ALR)){
Basic\rtc\rtc.c:                           ^
Basic\rtc\rtc.c(57): warning:  #223-D: function "RTC_ClearITPendingBit" declared implicitly
Basic\rtc\rtc.c:        RTC_ClearITPendingBit(RTC_IT_ALR);
Basic\rtc\rtc.c:        ^
Basic\rtc\rtc.c(58): warning:  #223-D: function "RTC_WaitForLastTask" declared implicitly
Basic\rtc\rtc.c:        RTC_WaitForLastTask();
Basic\rtc\rtc.c:        ^
Basic\rtc\rtc.c(59): warning:  #1-D: last line of file ends without a newline
Basic\rtc\rtc.c:   }
Basic\rtc\rtc.c:    ^
Basic\rtc\rtc.c: Basic\rtc\rtc.c: 29 warnings, 21 errors
Target not created
Build target 'Target 1'
compiling stm32f10x_can.c...
compiling stm32f10x_dbgmcu.c...
compiling stm32f10x_fsmc.c...
compiling stm32f10x_i2c.c...
compiling stm32f10x_iwdg.c...
compiling stm32f10x_usart.c...
compiling stm32f10x_wwdg.c...
compiling rtc.c...
Basic\rtc\rtc.c(4): warning:  #223-D: function "RCC_APB1PeriphClockCmd" declared implicitly
Basic\rtc\rtc.c:        RCC_APB1PeriphClockCmd(RCC_APB1Periph_PWR|RCC_APB1Periph_BKP,ENABLE);
Basic\rtc\rtc.c:        ^
Basic\rtc\rtc.c(4): error:  #20: identifier "RCC_APB1Periph_PWR" is undefined
Basic\rtc\rtc.c:        RCC_APB1PeriphClockCmd(RCC_APB1Periph_PWR|RCC_APB1Periph_BKP,ENABLE);
Basic\rtc\rtc.c:                               ^
Basic\rtc\rtc.c(4): error:  #20: identifier "RCC_APB1Periph_BKP" is undefined
Basic\rtc\rtc.c:        RCC_APB1PeriphClockCmd(RCC_APB1Periph_PWR|RCC_APB1Periph_BKP,ENABLE);
Basic\rtc\rtc.c:                                                  ^
Basic\rtc\rtc.c(4): error:  #20: identifier "ENABLE" is undefined
Basic\rtc\rtc.c:        RCC_APB1PeriphClockCmd(RCC_APB1Periph_PWR|RCC_APB1Periph_BKP,ENABLE);
Basic\rtc\rtc.c:                                                                     ^
Basic\rtc\rtc.c(5): warning:  #223-D: function "PWR_BackupAccessCmd" declared implicitly
Basic\rtc\rtc.c:        PWR_BackupAccessCmd(ENABLE);
Basic\rtc\rtc.c:        ^
Basic\rtc\rtc.c(6): warning:  #223-D: function "BKP_DeInit" declared implicitly
Basic\rtc\rtc.c:        BKP_DeInit();
Basic\rtc\rtc.c:        ^
Basic\rtc\rtc.c(7): warning:  #223-D: function "RCC_LSEConfig" declared implicitly
Basic\rtc\rtc.c:        RCC_LSEConfig(RCC_LSE_ON);
Basic\rtc\rtc.c:        ^
Basic\rtc\rtc.c(7): error:  #20: identifier "RCC_LSE_ON" is undefined
Basic\rtc\rtc.c:        RCC_LSEConfig(RCC_LSE_ON);
Basic\rtc\rtc.c:                      ^
Basic\rtc\rtc.c(8): warning:  #223-D: function "RCC_GetFlagStatus" declared implicitly
Basic\rtc\rtc.c:        while(!RCC_GetFlagStatus(RCC_FLAG_LSERDY));
Basic\rtc\rtc.c:               ^
Basic\rtc\rtc.c(8): error:  #20: identifier "RCC_FLAG_LSERDY" is undefined
Basic\rtc\rtc.c:        while(!RCC_GetFlagStatus(RCC_FLAG_LSERDY));
Basic\rtc\rtc.c:                                 ^
Basic\rtc\rtc.c(9): warning:  #223-D: function "RCC_RTCCLKConfig" declared implicitly
Basic\rtc\rtc.c:        RCC_RTCCLKConfig(RCC_RTCCLKSource_LSE);
Basic\rtc\rtc.c:        ^
Basic\rtc\rtc.c(9): error:  #20: identifier "RCC_RTCCLKSource_LSE" is undefined
Basic\rtc\rtc.c:        RCC_RTCCLKConfig(RCC_RTCCLKSource_LSE);
Basic\rtc\rtc.c:                         ^
Basic\rtc\rtc.c(10): warning:  #223-D: function "RCC_RTCCLKCmd" declared implicitly
Basic\rtc\rtc.c:        RCC_RTCCLKCmd(ENABLE);
Basic\rtc\rtc.c:        ^
Basic\rtc\rtc.c(11): warning:  #223-D: function "RTC_WaitForSynchro" declared implicitly
Basic\rtc\rtc.c:        RTC_WaitForSynchro();
Basic\rtc\rtc.c:        ^
Basic\rtc\rtc.c(12): warning:  #223-D: function "RTC_WaitForLastTask" declared implicitly
Basic\rtc\rtc.c:        RTC_WaitForLastTask();
Basic\rtc\rtc.c:        ^
Basic\rtc\rtc.c(13): warning:  #223-D: function "RTC_SetPrescaler" declared implicitly
Basic\rtc\rtc.c:        RTC_SetPrescaler();
Basic\rtc\rtc.c:        ^
Basic\rtc\rtc.c(15): warning:  #223-D: function "RTC_ITConfig" declared implicitly
Basic\rtc\rtc.c:        RTC_ITConfig(RTC_IT_SEC,DISABLE);
Basic\rtc\rtc.c:        ^
Basic\rtc\rtc.c(15): error:  #20: identifier "RTC_IT_SEC" is undefined
Basic\rtc\rtc.c:        RTC_ITConfig(RTC_IT_SEC,DISABLE);
Basic\rtc\rtc.c:                     ^
Basic\rtc\rtc.c(15): error:  #20: identifier "DISABLE" is undefined
Basic\rtc\rtc.c:        RTC_ITConfig(RTC_IT_SEC,DISABLE);
Basic\rtc\rtc.c:                                ^
Basic\rtc\rtc.c(20): warning:  #223-D: function "BKP_ReadBackupRegister" declared implicitly
Basic\rtc\rtc.c:        if(BKP_ReadBackupRegister(BKP_DR1)!=0xA5A5){
Basic\rtc\rtc.c:           ^
Basic\rtc\rtc.c(20): error:  #20: identifier "BKP_DR1" is undefined
Basic\rtc\rtc.c:        if(BKP_ReadBackupRegister(BKP_DR1)!=0xA5A5){
Basic\rtc\rtc.c:                                  ^
Basic\rtc\rtc.c(22): warning:  #223-D: function "BKP_WriteBackupRegister" declared implicitly
Basic\rtc\rtc.c:                BKP_WriteBackupRegister(BKP_DR1,0xA5A5);
Basic\rtc\rtc.c:                ^
Basic\rtc\rtc.c(25): warning:  #223-D: function "RCC_GetFlagStatus" declared implicitly
Basic\rtc\rtc.c:                if(RCC_GetFlagStatus(RCC_FALG_PORRST)){
Basic\rtc\rtc.c:                   ^
Basic\rtc\rtc.c(25): error:  #20: identifier "RCC_FALG_PORRST" is undefined
Basic\rtc\rtc.c:                if(RCC_GetFlagStatus(RCC_FALG_PORRST)){
Basic\rtc\rtc.c:                                     ^
Basic\rtc\rtc.c(28): error:  #20: identifier "RCC_FALG_PINRST" is undefined
Basic\rtc\rtc.c:                else if(RCC_GetFlagStatus(RCC_FALG_PINRST)){
Basic\rtc\rtc.c:                                          ^
Basic\rtc\rtc.c(31): warning:  #223-D: function "RCC_RTCCLKCmd" declared implicitly
Basic\rtc\rtc.c:                RCC_RTCCLKCmd(ENABLE);
Basic\rtc\rtc.c:                ^
Basic\rtc\rtc.c(31): error:  #20: identifier "ENABLE" is undefined
Basic\rtc\rtc.c:                RCC_RTCCLKCmd(ENABLE);
Basic\rtc\rtc.c:                              ^
Basic\rtc\rtc.c(32): warning:  #223-D: function "RTC_WaitForSynchro" declared implicitly
Basic\rtc\rtc.c:                RTC_WaitForSynchro();
Basic\rtc\rtc.c:                ^
Basic\rtc\rtc.c(33): warning:  #223-D: function "RTC_WaitForLastTask" declared implicitly
Basic\rtc\rtc.c:                RTC_WaitForLastTask();
Basic\rtc\rtc.c:                ^
Basic\rtc\rtc.c(34): warning:  #223-D: function "RTC_ITConfig" declared implicitly
Basic\rtc\rtc.c:                RTC_ITConfig(RTC_IT_SEC,DISABLE);
Basic\rtc\rtc.c:                ^
Basic\rtc\rtc.c(34): error:  #20: identifier "RTC_IT_SEC" is undefined
Basic\rtc\rtc.c:                RTC_ITConfig(RTC_IT_SEC,DISABLE);
Basic\rtc\rtc.c:                             ^
Basic\rtc\rtc.c(34): error:  #20: identifier "DISABLE" is undefined
Basic\rtc\rtc.c:                RTC_ITConfig(RTC_IT_SEC,DISABLE);
Basic\rtc\rtc.c:                                        ^
Basic\rtc\rtc.c(38): warning:  #223-D: function "RCC_APB1PeriphClockCmd" declared implicitly
Basic\rtc\rtc.c:        RCC_APB1PeriphClockCmd(RCC_APB1Periph_PWR|RCC_APB1Periph_BKP,ENABLE);
Basic\rtc\rtc.c:        ^
Basic\rtc\rtc.c(38): error:  #20: identifier "RCC_APB1Periph_PWR" is undefined
Basic\rtc\rtc.c:        RCC_APB1PeriphClockCmd(RCC_APB1Periph_PWR|RCC_APB1Periph_BKP,ENABLE);
Basic\rtc\rtc.c:                               ^
Basic\rtc\rtc.c(38): error:  #20: identifier "RCC_APB1Periph_BKP" is undefined
Basic\rtc\rtc.c:        RCC_APB1PeriphClockCmd(RCC_APB1Periph_PWR|RCC_APB1Periph_BKP,ENABLE);
Basic\rtc\rtc.c:                                                  ^
Basic\rtc\rtc.c(38): error:  #20: identifier "ENABLE" is undefined
Basic\rtc\rtc.c:        RCC_APB1PeriphClockCmd(RCC_APB1Periph_PWR|RCC_APB1Periph_BKP,ENABLE);
Basic\rtc\rtc.c:                                                                     ^
Basic\rtc\rtc.c(39): warning:  #223-D: function "PWR_BackupAccessCmd" declared implicitly
Basic\rtc\rtc.c:        PWR_BackupAccessCmd(ENABLE);
Basic\rtc\rtc.c:        ^
Basic\rtc\rtc.c(40): warning:  #223-D: function "BKP_TamperPinCmd" declared implicitly
Basic\rtc\rtc.c:        BKP_TamperPinCmd(DISABLE);
Basic\rtc\rtc.c:        ^
Basic\rtc\rtc.c(40): error:  #20: identifier "DISABLE" is undefined
Basic\rtc\rtc.c:        BKP_TamperPinCmd(DISABLE);
Basic\rtc\rtc.c:                         ^
Basic\rtc\rtc.c(41): warning:  #223-D: function "BKP_RTCOutputConfig" declared implicitly
Basic\rtc\rtc.c:        BKP_RTCOutputConfig(BKP_RTCOutputSource_CalibClock);
Basic\rtc\rtc.c:        ^
Basic\rtc\rtc.c(41): error:  #20: identifier "BKP_RTCOutputSource_CalibClock" is undefined
Basic\rtc\rtc.c:        BKP_RTCOutputConfig(BKP_RTCOutputSource_CalibClock);
Basic\rtc\rtc.c:                            ^
Basic\rtc\rtc.c(46): warning:  #223-D: function "RTC_GetITStatus" declared implicitly
Basic\rtc\rtc.c:        if(RTC_GetITStatus(RTC_IT_SEC)){
Basic\rtc\rtc.c:           ^
Basic\rtc\rtc.c(46): error:  #20: identifier "RTC_IT_SEC" is undefined
Basic\rtc\rtc.c:        if(RTC_GetITStatus(RTC_IT_SEC)){
Basic\rtc\rtc.c:                           ^
Basic\rtc\rtc.c(49): warning:  #223-D: function "RTC_ClearITPendingBit" declared implicitly
Basic\rtc\rtc.c:        RTC_ClearITPendingBit(RTC_IT_SEC);
Basic\rtc\rtc.c:        ^
Basic\rtc\rtc.c(50): warning:  #223-D: function "RTC_WaitForLastTask" declared implicitly
Basic\rtc\rtc.c:        RTC_WaitForLastTask();
Basic\rtc\rtc.c:        ^
Basic\rtc\rtc.c(54): warning:  #223-D: function "RTC_GetITStatus" declared implicitly
Basic\rtc\rtc.c:        if(RTC_GetITStatus(RTC_IT_ALR)){
Basic\rtc\rtc.c:           ^
Basic\rtc\rtc.c(54): error:  #20: identifier "RTC_IT_ALR" is undefined
Basic\rtc\rtc.c:        if(RTC_GetITStatus(RTC_IT_ALR)){
Basic\rtc\rtc.c:                           ^
Basic\rtc\rtc.c(57): warning:  #223-D: function "RTC_ClearITPendingBit" declared implicitly
Basic\rtc\rtc.c:        RTC_ClearITPendingBit(RTC_IT_ALR);
Basic\rtc\rtc.c:        ^
Basic\rtc\rtc.c(58): warning:  #223-D: function "RTC_WaitForLastTask" declared implicitly
Basic\rtc\rtc.c:        RTC_WaitForLastTask();
Basic\rtc\rtc.c:        ^
Basic\rtc\rtc.c(59): warning:  #1-D: last line of file ends without a newline
Basic\rtc\rtc.c:   }
Basic\rtc\rtc.c:    ^
Basic\rtc\rtc.c: Basic\rtc\rtc.c: 29 warnings, 21 errors
Target not created
Build target 'Target 1'
compiling main.c...
compiling rtc.c...
Basic\rtc\rtc.c(13): error:  #165: too few arguments in function call
Basic\rtc\rtc.c:        RTC_SetPrescaler();
Basic\rtc\rtc.c:                         ^
Basic\rtc\rtc.c(25): error:  #20: identifier "RCC_FALG_PORRST" is undefined
Basic\rtc\rtc.c:                if(RCC_GetFlagStatus(RCC_FALG_PORRST)){
Basic\rtc\rtc.c:                                     ^
Basic\rtc\rtc.c(28): error:  #20: identifier "RCC_FALG_PINRST" is undefined
Basic\rtc\rtc.c:                else if(RCC_GetFlagStatus(RCC_FALG_PINRST)){
Basic\rtc\rtc.c:                                          ^
Basic\rtc\rtc.c(59): warning:  #1-D: last line of file ends without a newline
Basic\rtc\rtc.c:   }
Basic\rtc\rtc.c:    ^
Basic\rtc\rtc.c: Basic\rtc\rtc.c: 1 warning, 3 errors
Target not created
Build target 'Target 1'
compiling rtc.c...
Basic\rtc\rtc.c(25): error:  #20: identifier "RCC_FALG_PORRST" is undefined
Basic\rtc\rtc.c:                if(RCC_GetFlagStatus(RCC_FALG_PORRST)){
Basic\rtc\rtc.c:                                     ^
Basic\rtc\rtc.c(28): error:  #20: identifier "RCC_FALG_PINRST" is undefined
Basic\rtc\rtc.c:                else if(RCC_GetFlagStatus(RCC_FALG_PINRST)){
Basic\rtc\rtc.c:                                          ^
Basic\rtc\rtc.c: Basic\rtc\rtc.c: 0 warnings, 2 errors
Target not created
Build target 'Target 1'
compiling rtc.c...
linking...
Program Size: Code=5604 RO-data=268 RW-data=40 ZI-data=1632  
FromELF: creating hex file...
"rtc.axf" - 0 Error(s), 0 Warning(s).
Build target 'Target 1'
linking...
Program Size: Code=5604 RO-data=268 RW-data=40 ZI-data=1632  
FromELF: creating hex file...
"rtc.axf" - 0 Error(s), 0 Warning(s).
