<html>
<body>
<pre>
<h1>礦ision Build Log</h1>
<h2>Project:</h2>
E:\项目\stm32\04.按键控制灯\led.uvproj
Project File Date:  04/03/2022

<h2>Output:</h2>
Build target 'Target 1'
compiling main.c...
linking...
Program Size: Code=4728 RO-data=268 RW-data=40 ZI-data=1632  
FromELF: creating hex file...
"led.axf" - 0 Error(s), 0 Warning(s).
Build target 'Target 1'
compiling main.c...
linking...
Program Size: Code=4616 RO-data=268 RW-data=40 ZI-data=1632  
FromELF: creating hex file...
"led.axf" - 0 Error(s), 0 Warning(s).
Build target 'Target 1'
linking...
Program Size: Code=4616 RO-data=268 RW-data=40 ZI-data=1632  
FromELF: creating hex file...
"led.axf" - 0 Error(s), 0 Warning(s).
Build target 'Target 1'
compiling main.c...
linking...
Program Size: Code=4616 RO-data=268 RW-data=40 ZI-data=1632  
FromELF: creating hex file...
"led.axf" - 0 Error(s), 0 Warning(s).
Build target 'Target 1'
compiling main.c...
User\main.c(27): warning:  #188-D: enumerated type mixed with another type
User\main.c:                            GPIO_WriteBit(LEDPORT,LED1,(!GPIO_ReadOutputDataBit(LEDPORT,LED1)));
User\main.c:                                                       ^
User\main.c: User\main.c: 1 warning, 0 errors
linking...
Program Size: Code=4764 RO-data=268 RW-data=40 ZI-data=1632  
FromELF: creating hex file...
"led.axf" - 0 Error(s), 1 Warning(s).
Build target 'Target 1'
compiling main.c...
linking...
Program Size: Code=4764 RO-data=268 RW-data=40 ZI-data=1632  
FromELF: creating hex file...
"led.axf" - 0 Error(s), 0 Warning(s).
Build target 'Target 1'
compiling main.c...
linking...
Program Size: Code=4752 RO-data=268 RW-data=40 ZI-data=1632  
FromELF: creating hex file...
"led.axf" - 0 Error(s), 0 Warning(s).
Build target 'Target 1'
compiling main.c...
User\main.c(35): error:  #20: identifier "a" is undefined
User\main.c:                    if(a>3){
User\main.c:                       ^
User\main.c: User\main.c: 0 warnings, 1 error
Target not created
Build target 'Target 1'
compiling main.c...
linking...
Program Size: Code=4748 RO-data=268 RW-data=40 ZI-data=1632  
FromELF: creating hex file...
"led.axf" - 0 Error(s), 0 Warning(s).
Build target 'Target 1'
compiling main.c...
User\main.c(11): error:  #268: declaration may not appear after executable statement in block
User\main.c:    u8 a=0;
User\main.c:    ^
User\main.c: User\main.c: 0 warnings, 1 error
Target not created
Build target 'Target 1'
compiling main.c...
User\main.c(11): error:  #268: declaration may not appear after executable statement in block
User\main.c:    u8 a=0;
User\main.c:    ^
User\main.c: User\main.c: 0 warnings, 1 error
Target not created
Build target 'Target 1'
compiling main.c...
User\main.c(11): error:  #268: declaration may not appear after executable statement in block
User\main.c:    u8 a;
User\main.c:    ^
User\main.c: User\main.c: 0 warnings, 1 error
Target not created
Build target 'Target 1'
compiling main.c...
User\main.c(11): error:  #268: declaration may not appear after executable statement in block
User\main.c:    u16 a=0;
User\main.c:    ^
User\main.c: User\main.c: 0 warnings, 1 error
Target not created
Build target 'Target 1'
compiling main.c...
linking...
Program Size: Code=4744 RO-data=268 RW-data=40 ZI-data=1632  
FromELF: creating hex file...
"led.axf" - 0 Error(s), 0 Warning(s).
Build target 'Target 1'
compiling main.c...
linking...
Program Size: Code=4744 RO-data=268 RW-data=40 ZI-data=1632  
FromELF: creating hex file...
"led.axf" - 0 Error(s), 0 Warning(s).
