<html>
<body>
<pre>
<h1>礦ision Build Log</h1>
<h2>Project:</h2>
E:\项目\stm32\09.usrt接收\led.uvproj
Project File Date:  04/07/2022

<h2>Output:</h2>
Build target 'Target 1'
compiling main.c...
compiling usart.c...
linking...
Program Size: Code=11738 RO-data=782 RW-data=44 ZI-data=1636  
FromELF: creating hex file...
"led.axf" - 0 Error(s), 0 Warning(s).
compiling main.c...
User\main.c - 0 Error(s), 0 Warning(s).
Build target 'Target 1'
linking...
Program Size: Code=11838 RO-data=782 RW-data=44 ZI-data=1636  
FromELF: creating hex file...
"led.axf" - 0 Error(s), 0 Warning(s).
Build target 'Target 1'
linking...
Program Size: Code=11838 RO-data=782 RW-data=44 ZI-data=1636  
FromELF: creating hex file...
"led.axf" - 0 Error(s), 0 Warning(s).
Build target 'Target 1'
compiling main.c...
compiling usart.c...
linking...
Program Size: Code=11806 RO-data=782 RW-data=44 ZI-data=1636  
FromELF: creating hex file...
"led.axf" - 0 Error(s), 0 Warning(s).
Build target 'Target 1'
compiling main.c...
compiling usart.c...
linking...
Program Size: Code=11806 RO-data=782 RW-data=44 ZI-data=1636  
FromELF: creating hex file...
"led.axf" - 0 Error(s), 0 Warning(s).
Build target 'Target 1'
compiling main.c...
compiling usart.c...
linking...
Program Size: Code=11806 RO-data=782 RW-data=44 ZI-data=1636  
FromELF: creating hex file...
"led.axf" - 0 Error(s), 0 Warning(s).
Build target 'Target 1'
compiling main.c...
compiling usart.c...
linking...
Program Size: Code=11794 RO-data=782 RW-data=44 ZI-data=1636  
FromELF: creating hex file...
"led.axf" - 0 Error(s), 0 Warning(s).
Build target 'Target 1'
compiling usart.c...
linking...
Program Size: Code=11798 RO-data=782 RW-data=44 ZI-data=1636  
FromELF: creating hex file...
"led.axf" - 0 Error(s), 0 Warning(s).
Build target 'Target 1'
compiling usart.c...
linking...
Program Size: Code=11798 RO-data=782 RW-data=44 ZI-data=1636  
FromELF: creating hex file...
"led.axf" - 0 Error(s), 0 Warning(s).
Build target 'Target 1'
compiling usart.c...
linking...
Program Size: Code=11798 RO-data=782 RW-data=44 ZI-data=1636  
FromELF: creating hex file...
"led.axf" - 0 Error(s), 0 Warning(s).
Build target 'Target 1'
compiling usart.c...
linking...
Program Size: Code=11798 RO-data=782 RW-data=44 ZI-data=1636  
FromELF: creating hex file...
"led.axf" - 0 Error(s), 0 Warning(s).
