<html>
<body>
<pre>
<h1>µVision Build Log</h1>
<h2>Project:</h2>
E:\ÏîÄ¿\stm32\06.·äÃùÆ÷\led.uvproj
Project File Date:  04/04/2022

<h2>Output:</h2>
Build target 'Target 1'
compiling core_cm3.c...
compiling system_stm32f10x.c...
compiling misc.c...
compiling stm32f10x_adc.c...
compiling stm32f10x_bkp.c...
compiling stm32f10x_can.c...
compiling stm32f10x_cec.c...
compiling stm32f10x_crc.c...
compiling stm32f10x_dac.c...
compiling stm32f10x_dbgmcu.c...
compiling stm32f10x_dma.c...
compiling stm32f10x_exti.c...
compiling stm32f10x_flash.c...
compiling stm32f10x_fsmc.c...
compiling stm32f10x_gpio.c...
compiling stm32f10x_i2c.c...
compiling stm32f10x_iwdg.c...
compiling stm32f10x_pwr.c...
compiling stm32f10x_rcc.c...
compiling stm32f10x_rtc.c...
compiling stm32f10x_sdio.c...
compiling stm32f10x_spi.c...
compiling stm32f10x_tim.c...
compiling stm32f10x_usart.c...
compiling stm32f10x_wwdg.c...
compiling main.c...
compiling stm32f10x_it.c...
compiling delay.c...
compiling sys.c...
compiling flash.c...
compiling led.c...
compiling key.c...
compiling buzzer.c...
Hardware\BUZZER\buzzer.c(1): warning:  #1-D: last line of file ends without a newline
Hardware\BUZZER\buzzer.c:   #include"buzzer.h"
Hardware\BUZZER\buzzer.c:                     ^
Hardware\BUZZER\buzzer.c: Hardware\BUZZER\buzzer.c: 1 warning, 0 errors
linking...
Program Size: Code=4824 RO-data=268 RW-data=40 ZI-data=1632  
FromELF: creating hex file...
"led.axf" - 0 Error(s), 1 Warning(s).
Build target 'Target 1'
compiling main.c...
.\Hardware\BUZZER\buzzer.h(7): warning:  #1295-D: Deprecated declaration BUZZER_Init - give arg types
.\Hardware\BUZZER\buzzer.h:   void BUZZER_Init();
.\Hardware\BUZZER\buzzer.h:        ^
.\Hardware\BUZZER\buzzer.h(8): warning:  #1295-D: Deprecated declaration BUZZER_Work - give arg types
.\Hardware\BUZZER\buzzer.h:   void BUZZER_Work();
.\Hardware\BUZZER\buzzer.h:        ^
.\Hardware\BUZZER\buzzer.h: User\main.c: 2 warnings, 0 errors
compiling buzzer.c...
Hardware\BUZZER\buzzer.h(7): warning:  #1295-D: Deprecated declaration BUZZER_Init - give arg types
Hardware\BUZZER\buzzer.h:   void BUZZER_Init();
Hardware\BUZZER\buzzer.h:        ^
Hardware\BUZZER\buzzer.h(8): warning:  #1295-D: Deprecated declaration BUZZER_Work - give arg types
Hardware\BUZZER\buzzer.h:   void BUZZER_Work();
Hardware\BUZZER\buzzer.h:        ^
Hardware\BUZZER\buzzer.c(9): error:  #20: identifier "GPIO_Speed_50Hz" is undefined
Hardware\BUZZER\buzzer.c:       GPIO_InitStructure.GPIO_Speed=GPIO_Speed_50Hz;
Hardware\BUZZER\buzzer.c:                                     ^
Hardware\BUZZER\buzzer.c(18): error:  #140: too many arguments in function call
Hardware\BUZZER\buzzer.c:               GPIO_Write(BUZZERPORT,BUZZER,(BitAction)(0));
Hardware\BUZZER\buzzer.c:                                            ^
Hardware\BUZZER\buzzer.c(20): error:  #140: too many arguments in function call
Hardware\BUZZER\buzzer.c:               GPIO_Write(BUZZERPORT,BUZZER,(BitAction)(1));
Hardware\BUZZER\buzzer.c:                                            ^
Hardware\BUZZER\buzzer.c(23): warning:  #1-D: last line of file ends without a newline
Hardware\BUZZER\buzzer.c:   }
Hardware\BUZZER\buzzer.c:    ^
Hardware\BUZZER\buzzer.c: Hardware\BUZZER\buzzer.c: 3 warnings, 3 errors
Target not created
Build target 'Target 1'
compiling buzzer.c...
Hardware\BUZZER\buzzer.h(7): warning:  #1295-D: Deprecated declaration BUZZER_Init - give arg types
Hardware\BUZZER\buzzer.h:   void BUZZER_Init();
Hardware\BUZZER\buzzer.h:        ^
Hardware\BUZZER\buzzer.h(8): warning:  #1295-D: Deprecated declaration BUZZER_Work - give arg types
Hardware\BUZZER\buzzer.h:   void BUZZER_Work();
Hardware\BUZZER\buzzer.h:        ^
Hardware\BUZZER\buzzer.h: Hardware\BUZZER\buzzer.c: 2 warnings, 0 errors
linking...
Program Size: Code=4964 RO-data=268 RW-data=40 ZI-data=1632  
FromELF: creating hex file...
"led.axf" - 0 Error(s), 2 Warning(s).
Build target 'Target 1'
compiling main.c...
compiling buzzer.c...
linking...
Program Size: Code=4964 RO-data=268 RW-data=40 ZI-data=1632  
FromELF: creating hex file...
"led.axf" - 0 Error(s), 0 Warning(s).
Build target 'Target 1'
compiling main.c...
compiling buzzer.c...
linking...
Program Size: Code=5016 RO-data=268 RW-data=40 ZI-data=1632  
FromELF: creating hex file...
"led.axf" - 0 Error(s), 0 Warning(s).
Build target 'Target 1'
compiling main.c...
compiling buzzer.c...
linking...
Program Size: Code=5064 RO-data=268 RW-data=40 ZI-data=1632  
FromELF: creating hex file...
"led.axf" - 0 Error(s), 0 Warning(s).
Build target 'Target 1'
compiling main.c...
compiling buzzer.c...
linking...
Program Size: Code=5120 RO-data=268 RW-data=40 ZI-data=1632  
FromELF: creating hex file...
"led.axf" - 0 Error(s), 0 Warning(s).
