Component: ARM Compiler 5.06 update 4 (build 422) Tool: armlink [4d35d2]

==============================================================================

Section Cross References

    system_stm32f10x.o(i.SetSysClock) refers to system_stm32f10x.o(i.SetSysClockTo72) for SetSysClockTo72
    system_stm32f10x.o(i.SystemCoreClockUpdate) refers to system_stm32f10x.o(.data) for SystemCoreClock
    system_stm32f10x.o(i.SystemInit) refers to system_stm32f10x.o(i.SetSysClock) for SetSysClock
    stm32f10x_flash.o(i.FLASH_EnableWriteProtection) refers to stm32f10x_flash.o(i.FLASH_WaitForLastOperation) for FLASH_WaitForLastOperation
    stm32f10x_flash.o(i.FLASH_EraseAllBank1Pages) refers to stm32f10x_flash.o(i.FLASH_WaitForLastBank1Operation) for FLASH_WaitForLastBank1Operation
    stm32f10x_flash.o(i.FLASH_EraseAllPages) refers to stm32f10x_flash.o(i.FLASH_WaitForLastOperation) for FLASH_WaitForLastOperation
    stm32f10x_flash.o(i.FLASH_EraseOptionBytes) refers to stm32f10x_flash.o(i.FLASH_GetReadOutProtectionStatus) for FLASH_GetReadOutProtectionStatus
    stm32f10x_flash.o(i.FLASH_EraseOptionBytes) refers to stm32f10x_flash.o(i.FLASH_WaitForLastOperation) for FLASH_WaitForLastOperation
    stm32f10x_flash.o(i.FLASH_ErasePage) refers to stm32f10x_flash.o(i.FLASH_WaitForLastOperation) for FLASH_WaitForLastOperation
    stm32f10x_flash.o(i.FLASH_ProgramHalfWord) refers to stm32f10x_flash.o(i.FLASH_WaitForLastOperation) for FLASH_WaitForLastOperation
    stm32f10x_flash.o(i.FLASH_ProgramOptionByteData) refers to stm32f10x_flash.o(i.FLASH_WaitForLastOperation) for FLASH_WaitForLastOperation
    stm32f10x_flash.o(i.FLASH_ProgramWord) refers to stm32f10x_flash.o(i.FLASH_WaitForLastOperation) for FLASH_WaitForLastOperation
    stm32f10x_flash.o(i.FLASH_ReadOutProtection) refers to stm32f10x_flash.o(i.FLASH_WaitForLastOperation) for FLASH_WaitForLastOperation
    stm32f10x_flash.o(i.FLASH_UserOptionByteConfig) refers to stm32f10x_flash.o(i.FLASH_WaitForLastOperation) for FLASH_WaitForLastOperation
    stm32f10x_flash.o(i.FLASH_WaitForLastBank1Operation) refers to stm32f10x_flash.o(i.FLASH_GetBank1Status) for FLASH_GetBank1Status
    stm32f10x_flash.o(i.FLASH_WaitForLastOperation) refers to stm32f10x_flash.o(i.FLASH_GetBank1Status) for FLASH_GetBank1Status
    stm32f10x_gpio.o(i.GPIO_AFIODeInit) refers to stm32f10x_rcc.o(i.RCC_APB2PeriphResetCmd) for RCC_APB2PeriphResetCmd
    stm32f10x_gpio.o(i.GPIO_DeInit) refers to stm32f10x_rcc.o(i.RCC_APB2PeriphResetCmd) for RCC_APB2PeriphResetCmd
    stm32f10x_usart.o(i.USART_DeInit) refers to stm32f10x_rcc.o(i.RCC_APB2PeriphResetCmd) for RCC_APB2PeriphResetCmd
    stm32f10x_usart.o(i.USART_DeInit) refers to stm32f10x_rcc.o(i.RCC_APB1PeriphResetCmd) for RCC_APB1PeriphResetCmd
    stm32f10x_usart.o(i.USART_Init) refers to stm32f10x_rcc.o(i.RCC_GetClocksFreq) for RCC_GetClocksFreq
    stm32f10x_rcc.o(i.RCC_GetClocksFreq) refers to stm32f10x_rcc.o(.data) for APBAHBPrescTable
    stm32f10x_rcc.o(i.RCC_WaitForHSEStartUp) refers to stm32f10x_rcc.o(i.RCC_GetFlagStatus) for RCC_GetFlagStatus
    stm32f10x_i2c.o(i.I2C_DeInit) refers to stm32f10x_rcc.o(i.RCC_APB1PeriphResetCmd) for RCC_APB1PeriphResetCmd
    stm32f10x_i2c.o(i.I2C_Init) refers to stm32f10x_rcc.o(i.RCC_GetClocksFreq) for RCC_GetClocksFreq
    startup_stm32f10x_md.o(STACK) refers (Special) to heapauxi.o(.text) for __use_two_region_memory
    startup_stm32f10x_md.o(HEAP) refers (Special) to heapauxi.o(.text) for __use_two_region_memory
    startup_stm32f10x_md.o(RESET) refers (Special) to heapauxi.o(.text) for __use_two_region_memory
    startup_stm32f10x_md.o(RESET) refers to startup_stm32f10x_md.o(STACK) for __initial_sp
    startup_stm32f10x_md.o(RESET) refers to startup_stm32f10x_md.o(.text) for Reset_Handler
    startup_stm32f10x_md.o(RESET) refers to stm32f10x_it.o(i.NMI_Handler) for NMI_Handler
    startup_stm32f10x_md.o(RESET) refers to stm32f10x_it.o(i.HardFault_Handler) for HardFault_Handler
    startup_stm32f10x_md.o(RESET) refers to stm32f10x_it.o(i.MemManage_Handler) for MemManage_Handler
    startup_stm32f10x_md.o(RESET) refers to stm32f10x_it.o(i.BusFault_Handler) for BusFault_Handler
    startup_stm32f10x_md.o(RESET) refers to stm32f10x_it.o(i.UsageFault_Handler) for UsageFault_Handler
    startup_stm32f10x_md.o(RESET) refers to stm32f10x_it.o(i.SVC_Handler) for SVC_Handler
    startup_stm32f10x_md.o(RESET) refers to stm32f10x_it.o(i.DebugMon_Handler) for DebugMon_Handler
    startup_stm32f10x_md.o(RESET) refers to stm32f10x_it.o(i.PendSV_Handler) for PendSV_Handler
    startup_stm32f10x_md.o(RESET) refers to stm32f10x_it.o(i.SysTick_Handler) for SysTick_Handler
    startup_stm32f10x_md.o(RESET) refers to usart.o(i.USART3_IRQHandler) for USART3_IRQHandler
    startup_stm32f10x_md.o(.text) refers (Special) to heapauxi.o(.text) for __use_two_region_memory
    startup_stm32f10x_md.o(.text) refers to system_stm32f10x.o(i.SystemInit) for SystemInit
    startup_stm32f10x_md.o(.text) refers to __main.o(!!!main) for __main
[...]
    ../clib/signal.c                         0x00000000   Number         0  defsig_stak_inner.o ABSOLUTE
    ../clib/signal.c                         0x00000000   Number         0  defsig_pvfn_inner.o ABSOLUTE
    ../clib/signal.c                         0x00000000   Number         0  defsig_cppl_inner.o ABSOLUTE
    ../clib/signal.c                         0x00000000   Number         0  defsig_segv_inner.o ABSOLUTE
    ../clib/signal.c                         0x00000000   Number         0  defsig_other.o ABSOLUTE
    ../clib/signal.c                         0x00000000   Number         0  defsig_rtmem_outer.o ABSOLUTE
    ../clib/signal.s                         0x00000000   Number         0  defsig.o ABSOLUTE
    ../clib/stdlib.c                         0x00000000   Number         0  exit.o ABSOLUTE
    ../clib/string.c                         0x00000000   Number         0  strlen.o ABSOLUTE
    ../fplib/fpinit.s                        0x00000000   Number         0  fpinit.o ABSOLUTE
    ../fplib/istatus.s                       0x00000000   Number         0  istatus.o ABSOLUTE
    ../fplib/printf1.s                       0x00000000   Number         0  printf1.o ABSOLUTE
    ../fplib/printf2.s                       0x00000000   Number         0  printf2.o ABSOLUTE
    ../fplib/printf2a.s                      0x00000000   Number         0  printf2a.o ABSOLUTE
    ../fplib/printf2b.s                      0x00000000   Number         0  printf2b.o ABSOLUTE
    ../fplib/usenofp.s                       0x00000000   Number         0  usenofp.o ABSOLUTE
    ../mathlib/fpclassify.c                  0x00000000   Number         0  fpclassify.o ABSOLUTE
    Basic\delay.c                            0x00000000   Number         0  delay.o ABSOLUTE
    Basic\i2c.c                              0x00000000   Number         0  i2c.o ABSOLUTE
    Basic\sys.c                              0x00000000   Number         0  sys.o ABSOLUTE
    Basic\usart.c                            0x00000000   Number         0  usart.o ABSOLUTE
    CMSIS\\core_cm3.c                        0x00000000   Number         0  core_cm3.o ABSOLUTE
    CMSIS\core_cm3.c                         0x00000000   Number         0  core_cm3.o ABSOLUTE
    CMSIS\system_stm32f10x.c                 0x00000000   Number         0  system_stm32f10x.o ABSOLUTE
    Hardware\MY1690.c                        0x00000000   Number         0  my1690.o ABSOLUTE
    Hardware\OLED.c                          0x00000000   Number         0  oled.o ABSOLUTE
    Hardware\ROTARY.c                        0x00000000   Number         0  rotary.o ABSOLUTE
    Hardware\TOUCH.c                         0x00000000   Number         0  touch.o ABSOLUTE
    Lib\src\misc.c                           0x00000000   Number         0  misc.o ABSOLUTE
    Lib\src\stm32f10x_flash.c                0x00000000   Number         0  stm32f10x_flash.o ABSOLUTE
    Lib\src\stm32f10x_gpio.c                 0x00000000   Number         0  stm32f10x_gpio.o ABSOLUTE
    Lib\src\stm32f10x_i2c.c                  0x00000000   Number         0  stm32f10x_i2c.o ABSOLUTE
    Lib\src\stm32f10x_rcc.c                  0x00000000   Number         0  stm32f10x_rcc.o ABSOLUTE
    Lib\src\stm32f10x_usart.c                0x00000000   Number         0  stm32f10x_usart.o ABSOLUTE
    Startup\startup_stm32f10x_md.s           0x00000000   Number         0  startup_stm32f10x_md.o ABSOLUTE
    User\main.c                              0x00000000   Number         0  main.o ABSOLUTE
    User\stm32f10x_it.c                      0x00000000   Number         0  stm32f10x_it.o ABSOLUTE
    dc.s                                     0x00000000   Number         0  dc.o ABSOLUTE
    RESET                                    0x08000000   Section      236  startup_stm32f10x_md.o(RESET)
    !!!main                                  0x080000ec   Section        8  __main.o(!!!main)
    !!!scatter                               0x080000f4   Section       52  __scatter.o(!!!scatter)
    !!handler_copy                           0x08000128   Section       26  __scatter_copy.o(!!handler_copy)
    !!handler_zi                             0x08000144   Section       28  __scatter_zi.o(!!handler_zi)
    .ARM.Collect$$_printf_percent$$00000000  0x08000160   Section        0  _printf_percent.o(.ARM.Collect$$_printf_percent$$00000000)
    .ARM.Collect$$_printf_percent$$00000001  0x08000160   Section        6  _printf_n.o(.ARM.Collect$$_printf_percent$$00000001)
    .ARM.Collect$$_printf_percent$$00000002  0x08000166   Section        6  _printf_p.o(.ARM.Collect$$_printf_percent$$00000002)
    .ARM.Collect$$_printf_percent$$00000003  0x0800016c   Section        6  _printf_f.o(.ARM.Collect$$_printf_percent$$00000003)
    .ARM.Collect$$_printf_percent$$00000004  0x08000172   Section        6  _printf_e.o(.ARM.Collect$$_printf_percent$$00000004)
    .ARM.Collect$$_printf_percent$$00000005  0x08000178   Section        6  _printf_g.o(.ARM.Collect$$_printf_percent$$00000005)
    .ARM.Collect$$_printf_percent$$00000006  0x0800017e   Section        6  _printf_a.o(.ARM.Collect$$_printf_percent$$00000006)
    .ARM.Collect$$_printf_percent$$00000007  0x08000184   Section       10  _printf_ll.o(.ARM.Collect$$_printf_percent$$00000007)
    .ARM.Collect$$_printf_percent$$00000008  0x0800018e   Section        6  _printf_i.o(.ARM.Collect$$_printf_percent$$00000008)
    .ARM.Collect$$_printf_percent$$00000009  0x08000194   Section        6  _printf_d.o(.ARM.Collect$$_printf_percent$$00000009)
    .ARM.Collect$$_printf_percent$$0000000A  0x0800019a   Section        6  _printf_u.o(.ARM.Collect$$_printf_percent$$0000000A)
    .ARM.Collect$$_printf_percent$$0000000B  0x080001a0   Section        6  _printf_o.o(.ARM.Collect$$_printf_percent$$0000000B)
    .ARM.Collect$$_printf_percent$$0000000C  0x080001a6   Section        6  _printf_x.o(.ARM.Collect$$_printf_percent$$0000000C)
    .ARM.Collect$$_printf_percent$$0000000D  0x080001ac   Section        6  _printf_lli.o(.ARM.Collect$$_printf_percent$$0000000D)
    .ARM.Collect$$_printf_percent$$0000000E  0x080001b2   Section        6  _printf_lld.o(.ARM.Collect$$_printf_percent$$0000000E)
    .ARM.Collect$$_printf_percent$$0000000F  0x080001b8   Section        6  _printf_llu.o(.ARM.Collect$$_printf_percent$$0000000F)
    .ARM.Collect$$_printf_percent$$00000010  0x080001be   Section        6  _printf_llo.o(.ARM.Collect$$_printf_percent$$00000010)
    .ARM.Collect$$_printf_percent$$00000011  0x080001c4   Section        6  _printf_llx.o(.ARM.Collect$$_printf_percent$$00000011)
    .ARM.Collect$$_printf_percent$$00000012  0x080001ca   Section       10  _printf_l.o(.ARM.Collect$$_printf_percent$$00000012)
    .ARM.Collect$$_printf_percent$$00000013  0x080001d4   Section        6  _printf_c.o(.ARM.Collect$$_printf_percent$$00000013)
    .ARM.Collect$$_printf_percent$$00000014  0x080001da   Section        6  _printf_s.o(.ARM.Collect$$_printf_percent$$00000014)
    .ARM.Collect$$_printf_percent$$00000015  0x080001e0   Section        6  _printf_lc.o(.ARM.Collect$$_printf_percent$$00000015)
    .ARM.Collect$$_printf_percent$$00000016  0x080001e6   Section        6  _printf_ls.o(.ARM.Collect$$_printf_percent$$00000016)
    .ARM.Collect$$_printf_percent$$00000017  0x080001ec   Section        4  _printf_percent_end.o(.ARM.Collect$$_printf_percent$$00000017)
    .ARM.Collect$$libinit$$00000000          0x080001f0   Section        2  libinit.o(.ARM.Collect$$libinit$$00000000)
    .ARM.Collect$$libinit$$00000002          0x080001f2   Section        0  libinit2.o(.ARM.Collect$$libinit$$00000002)
    .ARM.Collect$$libinit$$00000004          0x080001f2   Section        0  libinit2.o(.ARM.Collect$$libinit$$00000004)
    .ARM.Collect$$libinit$$0000000A          0x080001f2   Section        0  libinit2.o(.ARM.Collect$$libinit$$0000000A)
    .ARM.Collect$$libinit$$0000000C          0x080001f2   Section        0  libinit2.o(.ARM.Collect$$libinit$$0000000C)
    .ARM.Collect$$libinit$$0000000E          0x080001f2   Section        0  libinit2.o(.ARM.Collect$$libinit$$0000000E)
    .ARM.Collect$$libinit$$0000000F          0x080001f2   Section        6  libinit2.o(.ARM.Collect$$libinit$$0000000F)
    .ARM.Collect$$libinit$$00000011          0x080001f8   Section        0  libinit2.o(.ARM.Collect$$libinit$$00000011)
    .ARM.Collect$$libinit$$00000012          0x080001f8   Section       12  libinit2.o(.ARM.Collect$$libinit$$00000012)
    .ARM.Collect$$libinit$$00000013          0x08000204   Section        0  libinit2.o(.ARM.Collect$$libinit$$00000013)
    .ARM.Collect$$libinit$$00000015          0x08000204   Section        0  libinit2.o(.ARM.Collect$$libinit$$00000015)
    .ARM.Collect$$libinit$$00000016          0x08000204   Section       10  libinit2.o(.ARM.Collect$$libinit$$00000016)
    .ARM.Collect$$libinit$$00000017          0x0800020e   Section        0  libinit2.o(.ARM.Collect$$libinit$$00000017)
    .ARM.Collect$$libinit$$00000019          0x0800020e   Section        0  libinit2.o(.ARM.Collect$$libinit$$00000019)
    .ARM.Collect$$libinit$$0000001B          0x0800020e   Section        0  libinit2.o(.ARM.Collect$$libinit$$0000001B)
    .ARM.Collect$$libinit$$0000001D          0x0800020e   Section        0  libinit2.o(.ARM.Collect$$libinit$$0000001D)
    .ARM.Collect$$libinit$$0000001F          0x0800020e   Section        0  libinit2.o(.ARM.Collect$$libinit$$0000001F)
    .ARM.Collect$$libinit$$00000021          0x0800020e   Section        0  libinit2.o(.ARM.Collect$$libinit$$00000021)
    .ARM.Collect$$libinit$$00000023          0x0800020e   Section        0  libinit2.o(.ARM.Collect$$libinit$$00000023)
    .ARM.Collect$$libinit$$00000025          0x0800020e   Section        0  libinit2.o(.ARM.Collect$$libinit$$00000025)
    .ARM.Collect$$libinit$$0000002C          0x0800020e   Section        0  libinit2.o(.ARM.Collect$$libinit$$0000002C)
    .ARM.Collect$$libinit$$0000002E          0x0800020e   Section        0  libinit2.o(.ARM.Collect$$libinit$$0000002E)
    .ARM.Collect$$libinit$$00000030          0x0800020e   Section        0  libinit2.o(.ARM.Collect$$libinit$$00000030)
    .ARM.Collect$$libinit$$00000032          0x0800020e   Section        0  libinit2.o(.ARM.Collect$$libinit$$00000032)
    .ARM.Collect$$libinit$$00000033          0x0800020e   Section        2  libinit2.o(.ARM.Collect$$libinit$$00000033)
    .ARM.Collect$$libshutdown$$00000000      0x08000210   Section        2  libshutdown.o(.ARM.Collect$$libshutdown$$00000000)
    .ARM.Collect$$libshutdown$$00000002      0x08000212   Section        0  libshutdown2.o(.ARM.Collect$$libshutdown$$00000002)
    .ARM.Collect$$libshutdown$$00000004      0x08000212   Section        0  libshutdown2.o(.ARM.Collect$$libshutdown$$00000004)
    .ARM.Collect$$libshutdown$$00000007      0x08000212   Section        0  libshutdown2.o(.ARM.Collect$$libshutdown$$00000007)
    .ARM.Collect$$libshutdown$$0000000A      0x08000212   Section        0  libshutdown2.o(.ARM.Collect$$libshutdown$$0000000A)
    .ARM.Collect$$libshutdown$$0000000C      0x08000212   Section        0  libshutdown2.o(.ARM.Collect$$libshutdown$$0000000C)
    .ARM.Collect$$libshutdown$$0000000F      0x08000212   Section        0  libshutdown2.o(.ARM.Collect$$libshutdown$$0000000F)
    .ARM.Collect$$libshutdown$$00000010      0x08000212   Section        2  libshutdown2.o(.ARM.Collect$$libshutdown$$00000010)
    .ARM.Collect$$rtentry$$00000000          0x08000214   Section        0  __rtentry.o(.ARM.Collect$$rtentry$$00000000)
    .ARM.Collect$$rtentry$$00000002          0x08000214   Section        0  __rtentry2.o(.ARM.Collect$$rtentry$$00000002)
    .ARM.Collect$$rtentry$$00000004          0x08000214   Section        6  __rtentry4.o(.ARM.Collect$$rtentry$$00000004)
    .ARM.Collect$$rtentry$$00000009          0x0800021a   Section        0  __rtentry2.o(.ARM.Collect$$rtentry$$00000009)
    .ARM.Collect$$rtentry$$0000000A          0x0800021a   Section        4  __rtentry2.o(.ARM.Collect$$rtentry$$0000000A)
    .ARM.Collect$$rtentry$$0000000C          0x0800021e   Section        0  __rtentry2.o(.ARM.Collect$$rtentry$$0000000C)
    .ARM.Collect$$rtentry$$0000000D          0x0800021e   Section        8  __rtentry2.o(.ARM.Collect$$rtentry$$0000000D)
    .ARM.Collect$$rtexit$$00000000           0x08000226   Section        2  rtexit.o(.ARM.Collect$$rtexit$$00000000)
    .ARM.Collect$$rtexit$$00000002           0x08000228   Section        0  rtexit2.o(.ARM.Collect$$rtexit$$00000002)
    .ARM.Collect$$rtexit$$00000003           0x08000228   Section        4  rtexit2.o(.ARM.Collect$$rtexit$$00000003)
    .ARM.Collect$$rtexit$$00000004           0x0800022c   Section        6  rtexit2.o(.ARM.Collect$$rtexit$$00000004)
    .text                                    0x08000234   Section       64  startup_stm32f10x_md.o(.text)
    .text                                    0x08000274   Section        2  use_no_semi_2.o(.text)
    .text                                    0x08000278   Section        0  vsnprintf.o(.text)
    .text                                    0x080002ac   Section        0  strlen.o(.text)
    .text                                    0x080002ea   Section      100  rt_memcpy_w.o(.text)
    .text                                    0x0800034e   Section        0  heapauxi.o(.text)
    .text                                    0x08000354   Section        2  use_no_semi.o(.text)
    .text                                    0x08000356   Section        0  _printf_pad.o(.text)
    .text                                    0x080003a4   Section        0  _printf_truncate.o(.text)
    .text                                    0x080003c8   Section        0  _printf_str.o(.text)
    .text                                    0x0800041c   Section        0  _printf_dec.o(.text)
    .text                                    0x08000494   Section        0  _printf_charcount.o(.text)
    .text                                    0x080004bc   Section        0  _printf_char_common.o(.text)
    _printf_input_char                       0x080004bd   Thumb Code    10  _printf_char_common.o(.text)
    .text                                    0x080004ec   Section        0  _sputc.o(.text)
    .text                                    0x080004f6   Section        0  _snputc.o(.text)
    .text                                    0x08000508   Section        0  _printf_wctomb.o(.text)
    .text                                    0x080005c4   Section        0  _printf_longlong_dec.o(.text)
    .text                                    0x08000640   Section        0  _printf_oct_int_ll.o(.text)
    _printf_longlong_oct_internal            0x08000641   Thumb Code     0  _printf_oct_int_ll.o(.text)
    .text                                    0x080006b0   Section        0  _printf_hex_int_ll_ptr.o(.text)
    _printf_hex_common                       0x080006b1   Thumb Code     0  _printf_hex_int_ll_ptr.o(.text)
    .text                                    0x08000744   Section        0  __printf_flags_ss_wp.o(.text)
    .text                                    0x080008cc   Section      138  lludiv10.o(.text)
    .text                                    0x08000956   Section        0  _printf_intcommon.o(.text)
    .text                                    0x08000a08   Section        0  _printf_fp_dec.o(.text)
    _fp_digits                               0x08000a0b   Thumb Code   428  _printf_fp_dec.o(.text)
    .text                                    0x08000e24   Section        0  _printf_fp_hex.o(.text)
    .text                                    0x08001120   Section        0  _printf_char.o(.text)
    .text                                    0x0800114c   Section        0  _printf_wchar.o(.text)
    .text                                    0x08001178   Section        0  _wcrtomb.o(.text)
    .text                                    0x080011b8   Section       74  sys_stackheap_outer.o(.text)
    .text                                    0x08001204   Section       16  rt_ctype_table.o(.text)
    .text                                    0x08001214   Section        8  rt_locale_intlibspace.o(.text)
    .text                                    0x0800121c   Section        0  _printf_fp_infnan.o(.text)
    .text                                    0x0800129c   Section        0  bigflt0.o(.text)
    .text                                    0x08001378   Section        0  exit.o(.text)
    .text                                    0x0800138c   Section        8  libspace.o(.text)
    .text                                    0x08001394   Section      128  strcmpv7m.o(.text)
    CL$$btod_d2e                             0x08001414   Section       62  btod.o(CL$$btod_d2e)
    CL$$btod_d2e_denorm_low                  0x08001452   Section       70  btod.o(CL$$btod_d2e_denorm_low)
    CL$$btod_d2e_norm_op1                    0x08001498   Section       96  btod.o(CL$$btod_d2e_norm_op1)
    CL$$btod_div_common                      0x080014f8   Section      824  btod.o(CL$$btod_div_common)
    CL$$btod_e2e                             0x08001830   Section      198  btod.o(CL$$btod_e2e)
    CL$$btod_ediv                            0x080018f6   Section       40  btod.o(CL$$btod_ediv)
    CL$$btod_emul                            0x0800191e   Section       40  btod.o(CL$$btod_emul)
    CL$$btod_mult_common                     0x08001946   Section      580  btod.o(CL$$btod_mult_common)
    i.BusFault_Handler                       0x08001b8a   Section        0  stm32f10x_it.o(i.BusFault_Handler)
    i.DebugMon_Handler                       0x08001b8e   Section        0  stm32f10x_it.o(i.DebugMon_Handler)
    i.FLASH_PrefetchBufferCmd                0x08001b90   Section        0  stm32f10x_flash.o(i.FLASH_PrefetchBufferCmd)
    i.FLASH_SetLatency                       0x08001bac   Section        0  stm32f10x_flash.o(i.FLASH_SetLatency)
    i.GPIO_Init                              0x08001bc4   Section        0  stm32f10x_gpio.o(i.GPIO_Init)
    i.GPIO_ReadInputDataBit                  0x08001cda   Section        0  stm32f10x_gpio.o(i.GPIO_ReadInputDataBit)
    i.HardFault_Handler                      0x08001cec   Section        0  stm32f10x_it.o(i.HardFault_Handler)
    i.I2C1_Configuration                     0x08001cf0   Section        0  i2c.o(i.I2C1_Configuration)
    i.I2C1_SendBuf                           0x08001d64   Section        0  i2c.o(i.I2C1_SendBuf)
    i.I2C1_SendByte                          0x08001df4   Section        0  i2c.o(i.I2C1_SendByte)
    i.I2C_CheckEvent                         0x08001e70   Section        0  stm32f10x_i2c.o(i.I2C_CheckEvent)
    i.I2C_Cmd                                0x08001e9a   Section        0  stm32f10x_i2c.o(i.I2C_Cmd)
    i.I2C_GenerateSTART                      0x08001eb2   Section        0  stm32f10x_i2c.o(i.I2C_GenerateSTART)
    i.I2C_GenerateSTOP                       0x08001eca   Section        0  stm32f10x_i2c.o(i.I2C_GenerateSTOP)
    i.I2C_Init                               0x08001ee4   Section        0  stm32f10x_i2c.o(i.I2C_Init)
    i.I2C_Send7bitAddress                    0x08001fd0   Section        0  stm32f10x_i2c.o(i.I2C_Send7bitAddress)
    i.I2C_SendData                           0x08001fe2   Section        0  stm32f10x_i2c.o(i.I2C_SendData)
    i.MY1690_Cmd2                            0x08001fe8   Section        0  my1690.o(i.MY1690_Cmd2)
    i.MY1690_Init                            0x08002080   Section        0  my1690.o(i.MY1690_Init)
    i.MY1690_NEXT                            0x08002090   Section        0  my1690.o(i.MY1690_NEXT)
    i.MY1690_PREV                            0x080020a4   Section        0  my1690.o(i.MY1690_PREV)
    i.MY1690_Pause                           0x080020b8   Section        0  my1690.o(i.MY1690_Pause)
    i.MY1690_Play                            0x080020cc   Section        0  my1690.o(i.MY1690_Play)
    i.MY1690_Stop                            0x080020e0   Section        0  my1690.o(i.MY1690_Stop)
    i.MY1690_VDOWN                           0x080020f4   Section        0  my1690.o(i.MY1690_VDOWN)
    i.MY1690_VUP                             0x08002108   Section        0  my1690.o(i.MY1690_VUP)
    i.MemManage_Handler                      0x0800211c   Section        0  stm32f10x_it.o(i.MemManage_Handler)
    i.NMI_Handler                            0x08002120   Section        0  stm32f10x_it.o(i.NMI_Handler)
    i.NVIC_Init                              0x08002124   Section        0  misc.o(i.NVIC_Init)
    i.OLED_CLEAR                             0x08002194   Section        0  oled.o(i.OLED_CLEAR)
    i.OLED_Init                              0x080021d8   Section        0  oled.o(i.OLED_Init)
    i.OLED_OFF                               0x080021e8   Section        0  oled.o(i.OLED_OFF)
    i.OLED_ON                                0x08002204   Section        0  oled.o(i.OLED_ON)
    i.OLED_Show8x16                          0x08002240   Section        0  oled.o(i.OLED_Show8x16)
    i.OLED_Show8x16Buf                       0x080022d8   Section        0  oled.o(i.OLED_Show8x16Buf)
    i.PendSV_Handler                         0x080022fe   Section        0  stm32f10x_it.o(i.PendSV_Handler)
    i.RCC_APB1PeriphClockCmd                 0x08002300   Section        0  stm32f10x_rcc.o(i.RCC_APB1PeriphClockCmd)
    i.RCC_APB2PeriphClockCmd                 0x08002320   Section        0  stm32f10x_rcc.o(i.RCC_APB2PeriphClockCmd)
    i.RCC_Configuration                      0x08002340   Section        0  sys.o(i.RCC_Configuration)
    i.RCC_DeInit                             0x080023a8   Section        0  stm32f10x_rcc.o(i.RCC_DeInit)
    i.RCC_GetClocksFreq                      0x080023f4   Section        0  stm32f10x_rcc.o(i.RCC_GetClocksFreq)
    i.RCC_GetFlagStatus                      0x080024c8   Section        0  stm32f10x_rcc.o(i.RCC_GetFlagStatus)
    i.RCC_GetSYSCLKSource                    0x08002504   Section        0  stm32f10x_rcc.o(i.RCC_GetSYSCLKSource)
    i.RCC_HCLKConfig                         0x08002514   Section        0  stm32f10x_rcc.o(i.RCC_HCLKConfig)
    i.RCC_HSEConfig                          0x0800252c   Section        0  stm32f10x_rcc.o(i.RCC_HSEConfig)
    i.RCC_PCLK1Config                        0x08002578   Section        0  stm32f10x_rcc.o(i.RCC_PCLK1Config)
    i.RCC_PCLK2Config                        0x08002590   Section        0  stm32f10x_rcc.o(i.RCC_PCLK2Config)
    i.RCC_PLLCmd                             0x080025a8   Section        0  stm32f10x_rcc.o(i.RCC_PLLCmd)
    i.RCC_PLLConfig                          0x080025b4   Section        0  stm32f10x_rcc.o(i.RCC_PLLConfig)
    i.RCC_SYSCLKConfig                       0x080025d0   Section        0  stm32f10x_rcc.o(i.RCC_SYSCLKConfig)
    i.RCC_WaitForHSEStartUp                  0x080025e8   Section        0  stm32f10x_rcc.o(i.RCC_WaitForHSEStartUp)
    i.ROTARY_GetStaus                        0x08002620   Section        0  rotary.o(i.ROTARY_GetStaus)
    i.ROTARY_Init                            0x080026e0   Section        0  rotary.o(i.ROTARY_Init)
    i.SVC_Handler                            0x0800271c   Section        0  stm32f10x_it.o(i.SVC_Handler)
    i.SetSysClock                            0x0800271e   Section        0  system_stm32f10x.o(i.SetSysClock)
    SetSysClock                              0x0800271f   Thumb Code     8  system_stm32f10x.o(i.SetSysClock)
    i.SetSysClockTo72                        0x08002728   Section        0  system_stm32f10x.o(i.SetSysClockTo72)
    SetSysClockTo72                          0x08002729   Thumb Code   214  system_stm32f10x.o(i.SetSysClockTo72)
    i.SysTick_Handler                        0x08002808   Section        0  stm32f10x_it.o(i.SysTick_Handler)
    i.SystemInit                             0x0800280c   Section        0  system_stm32f10x.o(i.SystemInit)
    i.TOUCH_Init                             0x0800286c   Section        0  touch.o(i.TOUCH_Init)
    i.USART3_IRQHandler                      0x08002890   Section        0  usart.o(i.USART3_IRQHandler)
    i.USART3_Init                            0x080028c8   Section        0  usart.o(i.USART3_Init)
    i.USART3_printf                          0x08002970   Section        0  usart.o(i.USART3_printf)
    i.USART_Cmd                              0x080029c8   Section        0  stm32f10x_usart.o(i.USART_Cmd)
    i.USART_GetFlagStatus                    0x080029e0   Section        0  stm32f10x_usart.o(i.USART_GetFlagStatus)
    i.USART_GetITStatus                      0x080029fa   Section        0  stm32f10x_usart.o(i.USART_GetITStatus)
    i.USART_ITConfig                         0x08002a4e   Section        0  stm32f10x_usart.o(i.USART_ITConfig)
    i.USART_Init                             0x08002a98   Section        0  stm32f10x_usart.o(i.USART_Init)
    i.USART_ReceiveData                      0x08002b70   Section        0  stm32f10x_usart.o(i.USART_ReceiveData)
    i.USART_SendData                         0x08002b7a   Section        0  stm32f10x_usart.o(i.USART_SendData)
    i.UsageFault_Handler                     0x08002b82   Section        0  stm32f10x_it.o(i.UsageFault_Handler)
    i.__ARM_fpclassify                       0x08002b86   Section        0  fpclassify.o(i.__ARM_fpclassify)
    i._is_digit                              0x08002bae   Section        0  __printf_wp.o(i._is_digit)
    i._sys_exit                              0x08002bbc   Section        0  usart.o(i._sys_exit)
    i.delay_ms                               0x08002bc0   Section        0  delay.o(i.delay_ms)
    i.delay_us                               0x08002bda   Section        0  delay.o(i.delay_us)
    i.main                                   0x08002c08   Section        0  main.o(i.main)
    locale$$code                             0x08002e80   Section       44  lc_numeric_c.o(locale$$code)
    locale$$code                             0x08002eac   Section       44  lc_ctype_c.o(locale$$code)
    x$fpl$printf1                            0x08002ed8   Section        4  printf1.o(x$fpl$printf1)
    x$fpl$printf2                            0x08002edc   Section        4  printf2.o(x$fpl$printf2)
    .constdata                               0x08002ee0   Section     1537  oled.o(.constdata)
    x$fpl$usenofp                            0x08002ee0   Section        0  usenofp.o(x$fpl$usenofp)
    .constdata                               0x080034e4   Section        8  _printf_wctomb.o(.constdata)
    initial_mbstate                          0x080034e4   Data           8  _printf_wctomb.o(.constdata)
    .constdata                               0x080034ec   Section       40  _printf_hex_int_ll_ptr.o(.constdata)
    uc_hextab                                0x080034ec   Data          20  _printf_hex_int_ll_ptr.o(.constdata)
    lc_hextab                                0x08003500   Data          20  _printf_hex_int_ll_ptr.o(.constdata)
    .constdata                               0x08003514   Section       17  __printf_flags_ss_wp.o(.constdata)
    maptable                                 0x08003514   Data          17  __printf_flags_ss_wp.o(.constdata)
    .constdata                               0x08003525   Section       38  _printf_fp_hex.o(.constdata)
    lc_hextab                                0x08003525   Data          19  _printf_fp_hex.o(.constdata)
    uc_hextab                                0x08003538   Data          19  _printf_fp_hex.o(.constdata)
    .constdata                               0x0800354c   Section      148  bigflt0.o(.constdata)
    tenpwrs_x                                0x0800354c   Data          60  bigflt0.o(.constdata)
    tenpwrs_i                                0x08003588   Data          64  bigflt0.o(.constdata)
    locale$$data                             0x08003600   Section       28  lc_numeric_c.o(locale$$data)
    __lcnum_c_name                           0x08003604   Data           2  lc_numeric_c.o(locale$$data)
    __lcnum_c_start                          0x0800360c   Data           0  lc_numeric_c.o(locale$$data)
    __lcnum_c_point                          0x08003618   Data           0  lc_numeric_c.o(locale$$data)
    __lcnum_c_thousands                      0x0800361a   Data           0  lc_numeric_c.o(locale$$data)
    __lcnum_c_grouping                       0x0800361b   Data           0  lc_numeric_c.o(locale$$data)
    locale$$data                             0x0800361c   Section      272  lc_ctype_c.o(locale$$data)
    __lcnum_c_end                            0x0800361c   Data           0  lc_numeric_c.o(locale$$data)
    __lcctype_c_name                         0x08003620   Data           2  lc_ctype_c.o(locale$$data)
    __lcctype_c_start                        0x08003628   Data           0  lc_ctype_c.o(locale$$data)
    __lcctype_c_end                          0x0800372c   Data           0  lc_ctype_c.o(locale$$data)
    .data                                    0x20000000   Section       20  stm32f10x_rcc.o(.data)
    APBAHBPrescTable                         0x20000000   Data          16  stm32f10x_rcc.o(.data)
    ADCPrescTable                            0x20000010   Data           4  stm32f10x_rcc.o(.data)
    .data                                    0x20000014   Section        5  usart.o(.data)
    .data                                    0x20000019   Section        2  rotary.o(.data)
    .bss                                     0x2000001c   Section       96  libspace.o(.bss)
    HEAP                                     0x20000080   Section      512  startup_stm32f10x_md.o(HEAP)
    Heap_Mem                                 0x20000080   Data         512  startup_stm32f10x_md.o(HEAP)
    STACK                                    0x20000280   Section     1024  startup_stm32f10x_md.o(STACK)
    Stack_Mem                                0x20000280   Data        1024  startup_stm32f10x_md.o(STACK)
    __initial_sp                             0x20000680   Data           0  startup_stm32f10x_md.o(STACK)

    Global Symbols

    Symbol Name                              Value     Ov Type        Size  Object(Section)

    BuildAttributes$$THM_ISAv4$P$D$K$B$S$PE$A:L22UL41UL21$X:L11$S22US41US21$IEEE1$IW$USESV6$~STKCKD$USESV7$~SHL$OTIME$ROPI$IEEEJ$EBA8$UX$STANDARDLIB$REQ8$PRES8$EABIv2 0x00000000   Number         0  anon$$obj.o ABSOLUTE
    __ARM_use_no_argv                        0x00000000   Number         0  main.o ABSOLUTE
    _printf_flags                            0x00000000   Number         0  printf_stubs.o ABSOLUTE
    _printf_return_value                     0x00000000   Number         0  printf_stubs.o ABSOLUTE
    _printf_sizespec                         0x00000000   Number         0  printf_stubs.o ABSOLUTE
    _printf_widthprec                        0x00000000   Number         0  printf_stubs.o ABSOLUTE
    __ARM_exceptions_init                     - Undefined Weak Reference
    __alloca_initialize                       - Undefined Weak Reference
    __arm_preinit_                            - Undefined Weak Reference
    __cpp_initialize__aeabi_                  - Undefined Weak Reference
    __cxa_finalize                            - Undefined Weak Reference
    __sigvec_lookup                           - Undefined Weak Reference
    _atexit_init                              - Undefined Weak Reference
    _call_atexit_fns                          - Undefined Weak Reference
    _clock_init                               - Undefined Weak Reference
    _fp_trap_init                             - Undefined Weak Reference
    _fp_trap_shutdown                         - Undefined Weak Reference
    _get_lc_collate                           - Undefined Weak Reference
    _get_lc_monetary                          - Undefined Weak Reference
    _get_lc_time                              - Undefined Weak Reference
    _getenv_init                              - Undefined Weak Reference
    _handle_redirection                       - Undefined Weak Reference
    _init_alloc                               - Undefined Weak Reference
    _init_user_alloc                          - Undefined Weak Reference
    _initio                                   - Undefined Weak Reference
    _printf_mbtowc                            - Undefined Weak Reference
    _printf_wc                                - Undefined Weak Reference
    _rand_init                                - Undefined Weak Reference
    _signal_finish                            - Undefined Weak Reference
    _signal_init                              - Undefined Weak Reference
    _terminate_alloc                          - Undefined Weak Reference
    _terminate_user_alloc                     - Undefined Weak Reference
    _terminateio                              - Undefined Weak Reference
    __Vectors_Size                           0x000000ec   Number         0  startup_stm32f10x_md.o ABSOLUTE
    __Vectors                                0x08000000   Data           4  startup_stm32f10x_md.o(RESET)
    __Vectors_End                            0x080000ec   Data           0  startup_stm32f10x_md.o(RESET)
    __main                                   0x080000ed   Thumb Code     8  __main.o(!!!main)
    __scatterload                            0x080000f5   Thumb Code     0  __scatter.o(!!!scatter)
    __scatterload_rt2                        0x080000f5   Thumb Code    44  __scatter.o(!!!scatter)
    __scatterload_rt2_thumb_only             0x080000f5   Thumb Code     0  __scatter.o(!!!scatter)
    __scatterload_null                       0x08000103   Thumb Code     0  __scatter.o(!!!scatter)
    __scatterload_copy                       0x08000129   Thumb Code    26  __scatter_copy.o(!!handler_copy)
    __scatterload_zeroinit                   0x08000145   Thumb Code    28  __scatter_zi.o(!!handler_zi)
    _printf_n                                0x08000161   Thumb Code     0  _printf_n.o(.ARM.Collect$$_printf_percent$$00000001)
    _printf_percent                          0x08000161   Thumb Code     0  _printf_percent.o(.ARM.Collect$$_printf_percent$$00000000)
    _printf_p                                0x08000167   Thumb Code     0  _printf_p.o(.ARM.Collect$$_printf_percent$$00000002)
    _printf_f                                0x0800016d   Thumb Code     0  _printf_f.o(.ARM.Collect$$_printf_percent$$00000003)
    _printf_e                                0x08000173   Thumb Code     0  _printf_e.o(.ARM.Collect$$_printf_percent$$00000004)
    _printf_g                                0x08000179   Thumb Code     0  _printf_g.o(.ARM.Collect$$_printf_percent$$00000005)
    _printf_a                                0x0800017f   Thumb Code     0  _printf_a.o(.ARM.Collect$$_printf_percent$$00000006)
    _printf_ll                               0x08000185   Thumb Code     0  _printf_ll.o(.ARM.Collect$$_printf_percent$$00000007)
    _printf_i                                0x0800018f   Thumb Code     0  _printf_i.o(.ARM.Collect$$_printf_percent$$00000008)
    _printf_d                                0x08000195   Thumb Code     0  _printf_d.o(.ARM.Collect$$_printf_percent$$00000009)
    _printf_u                                0x0800019b   Thumb Code     0  _printf_u.o(.ARM.Collect$$_printf_percent$$0000000A)
    _printf_o                                0x080001a1   Thumb Code     0  _printf_o.o(.ARM.Collect$$_printf_percent$$0000000B)
    _printf_x                                0x080001a7   Thumb Code     0  _printf_x.o(.ARM.Collect$$_printf_percent$$0000000C)
    _printf_lli                              0x080001ad   Thumb Code     0  _printf_lli.o(.ARM.Collect$$_printf_percent$$0000000D)
    _printf_lld                              0x080001b3   Thumb Code     0  _printf_lld.o(.ARM.Collect$$_printf_percent$$0000000E)
    _printf_llu                              0x080001b9   Thumb Code     0  _printf_llu.o(.ARM.Collect$$_printf_percent$$0000000F)
    _printf_llo                              0x080001bf   Thumb Code     0  _printf_llo.o(.ARM.Collect$$_printf_percent$$00000010)
    _printf_llx                              0x080001c5   Thumb Code     0  _printf_llx.o(.ARM.Collect$$_printf_percent$$00000011)
    _printf_l                                0x080001cb   Thumb Code     0  _printf_l.o(.ARM.Collect$$_printf_percent$$00000012)
    _printf_c                                0x080001d5   Thumb Code     0  _printf_c.o(.ARM.Collect$$_printf_percent$$00000013)
    _printf_s                                0x080001db   Thumb Code     0  _printf_s.o(.ARM.Collect$$_printf_percent$$00000014)
    _printf_lc                               0x080001e1   Thumb Code     0  _printf_lc.o(.ARM.Collect$$_printf_percent$$00000015)
    _printf_ls                               0x080001e7   Thumb Code     0  _printf_ls.o(.ARM.Collect$$_printf_percent$$00000016)
    _printf_percent_end                      0x080001ed   Thumb Code     0  _printf_percent_end.o(.ARM.Collect$$_printf_percent$$00000017)
    __rt_lib_init                            0x080001f1   Thumb Code     0  libinit.o(.ARM.Collect$$libinit$$00000000)
    __rt_lib_init_fp_1                       0x080001f3   Thumb Code     0  libinit2.o(.ARM.Collect$$libinit$$00000002)
    __rt_lib_init_heap_1                     0x080001f3   Thumb Code     0  libinit2.o(.ARM.Collect$$libinit$$0000000A)
    __rt_lib_init_lc_common                  0x080001f3   Thumb Code     0  libinit2.o(.ARM.Collect$$libinit$$0000000F)
    __rt_lib_init_preinit_1                  0x080001f3   Thumb Code     0  libinit2.o(.ARM.Collect$$libinit$$00000004)
    __rt_lib_init_rand_1                     0x080001f3   Thumb Code     0  libinit2.o(.ARM.Collect$$libinit$$0000000E)
    __rt_lib_init_user_alloc_1               0x080001f3   Thumb Code     0  libinit2.o(.ARM.Collect$$libinit$$0000000C)
    __rt_lib_init_lc_collate_1               0x080001f9   Thumb Code     0  libinit2.o(.ARM.Collect$$libinit$$00000011)
    __rt_lib_init_lc_ctype_2                 0x080001f9   Thumb Code     0  libinit2.o(.ARM.Collect$$libinit$$00000012)
    __rt_lib_init_lc_ctype_1                 0x08000205   Thumb Code     0  libinit2.o(.ARM.Collect$$libinit$$00000013)
    __rt_lib_init_lc_monetary_1              0x08000205   Thumb Code     0  libinit2.o(.ARM.Collect$$libinit$$00000015)
    __rt_lib_init_lc_numeric_2               0x08000205   Thumb Code     0  libinit2.o(.ARM.Collect$$libinit$$00000016)
    __rt_lib_init_alloca_1                   0x0800020f   Thumb Code     0  libinit2.o(.ARM.Collect$$libinit$$0000002E)
    __rt_lib_init_argv_1                     0x0800020f   Thumb Code     0  libinit2.o(.ARM.Collect$$libinit$$0000002C)
    __rt_lib_init_atexit_1                   0x0800020f   Thumb Code     0  libinit2.o(.ARM.Collect$$libinit$$0000001B)
    __rt_lib_init_clock_1                    0x0800020f   Thumb Code     0  libinit2.o(.ARM.Collect$$libinit$$00000021)
    __rt_lib_init_cpp_1                      0x0800020f   Thumb Code     0  libinit2.o(.ARM.Collect$$libinit$$00000032)
    __rt_lib_init_exceptions_1               0x0800020f   Thumb Code     0  libinit2.o(.ARM.Collect$$libinit$$00000030)
    __rt_lib_init_fp_trap_1                  0x0800020f   Thumb Code     0  libinit2.o(.ARM.Collect$$libinit$$0000001F)
    __rt_lib_init_getenv_1                   0x0800020f   Thumb Code     0  libinit2.o(.ARM.Collect$$libinit$$00000023)
    __rt_lib_init_lc_numeric_1               0x0800020f   Thumb Code     0  libinit2.o(.ARM.Collect$$libinit$$00000017)
    __rt_lib_init_lc_time_1                  0x0800020f   Thumb Code     0  libinit2.o(.ARM.Collect$$libinit$$00000019)
    __rt_lib_init_return                     0x0800020f   Thumb Code     0  libinit2.o(.ARM.Collect$$libinit$$00000033)
    __rt_lib_init_signal_1                   0x0800020f   Thumb Code     0  libinit2.o(.ARM.Collect$$libinit$$0000001D)
    __rt_lib_init_stdio_1                    0x0800020f   Thumb Code     0  libinit2.o(.ARM.Collect$$libinit$$00000025)
    __rt_lib_shutdown                        0x08000211   Thumb Code     0  libshutdown.o(.ARM.Collect$$libshutdown$$00000000)
    __rt_lib_shutdown_cpp_1                  0x08000213   Thumb Code     0  libshutdown2.o(.ARM.Collect$$libshutdown$$00000002)
    __rt_lib_shutdown_fp_trap_1              0x08000213   Thumb Code     0  libshutdown2.o(.ARM.Collect$$libshutdown$$00000007)
    __rt_lib_shutdown_heap_1                 0x08000213   Thumb Code     0  libshutdown2.o(.ARM.Collect$$libshutdown$$0000000F)
    __rt_lib_shutdown_return                 0x08000213   Thumb Code     0  libshutdown2.o(.ARM.Collect$$libshutdown$$00000010)
    __rt_lib_shutdown_signal_1               0x08000213   Thumb Code     0  libshutdown2.o(.ARM.Collect$$libshutdown$$0000000A)
    __rt_lib_shutdown_stdio_1                0x08000213   Thumb Code     0  libshutdown2.o(.ARM.Collect$$libshutdown$$00000004)
    __rt_lib_shutdown_user_alloc_1           0x08000213   Thumb Code     0  libshutdown2.o(.ARM.Collect$$libshutdown$$0000000C)
    __rt_entry                               0x08000215   Thumb Code     0  __rtentry.o(.ARM.Collect$$rtentry$$00000000)
    __rt_entry_presh_1                       0x08000215   Thumb Code     0  __rtentry2.o(.ARM.Collect$$rtentry$$00000002)
    __rt_entry_sh                            0x08000215   Thumb Code     0  __rtentry4.o(.ARM.Collect$$rtentry$$00000004)
    __rt_entry_li                            0x0800021b   Thumb Code     0  __rtentry2.o(.ARM.Collect$$rtentry$$0000000A)
    __rt_entry_postsh_1                      0x0800021b   Thumb Code     0  __rtentry2.o(.ARM.Collect$$rtentry$$00000009)
    __rt_entry_main                          0x0800021f   Thumb Code     0  __rtentry2.o(.ARM.Collect$$rtentry$$0000000D)
    __rt_entry_postli_1                      0x0800021f   Thumb Code     0  __rtentry2.o(.ARM.Collect$$rtentry$$0000000C)
    __rt_exit                                0x08000227   Thumb Code     0  rtexit.o(.ARM.Collect$$rtexit$$00000000)
    __rt_exit_ls                             0x08000229   Thumb Code     0  rtexit2.o(.ARM.Collect$$rtexit$$00000003)
    __rt_exit_prels_1                        0x08000229   Thumb Code     0  rtexit2.o(.ARM.Collect$$rtexit$$00000002)
    __rt_exit_exit                           0x0800022d   Thumb Code     0  rtexit2.o(.ARM.Collect$$rtexit$$00000004)
    Reset_Handler                            0x08000235   Thumb Code     8  startup_stm32f10x_md.o(.text)
    ADC1_2_IRQHandler                        0x0800024f   Thumb Code     0  startup_stm32f10x_md.o(.text)
    CAN1_RX1_IRQHandler                      0x0800024f   Thumb Code     0  startup_stm32f10x_md.o(.text)
    CAN1_SCE_IRQHandler                      0x0800024f   Thumb Code     0  startup_stm32f10x_md.o(.text)
    DMA1_Channel1_IRQHandler                 0x0800024f   Thumb Code     0  startup_stm32f10x_md.o(.text)
    DMA1_Channel2_IRQHandler                 0x0800024f   Thumb Code     0  startup_stm32f10x_md.o(.text)
    DMA1_Channel3_IRQHandler                 0x0800024f   Thumb Code     0  startup_stm32f10x_md.o(.text)
    DMA1_Channel4_IRQHandler                 0x0800024f   Thumb Code     0  startup_stm32f10x_md.o(.text)
    DMA1_Channel5_IRQHandler                 0x0800024f   Thumb Code     0  startup_stm32f10x_md.o(.text)
    DMA1_Channel6_IRQHandler                 0x0800024f   Thumb Code     0  startup_stm32f10x_md.o(.text)
    DMA1_Channel7_IRQHandler                 0x0800024f   Thumb Code     0  startup_stm32f10x_md.o(.text)
    EXTI0_IRQHandler                         0x0800024f   Thumb Code     0  startup_stm32f10x_md.o(.text)
    EXTI15_10_IRQHandler                     0x0800024f   Thumb Code     0  startup_stm32f10x_md.o(.text)
    EXTI1_IRQHandler                         0x0800024f   Thumb Code     0  startup_stm32f10x_md.o(.text)
    EXTI2_IRQHandler                         0x0800024f   Thumb Code     0  startup_stm32f10x_md.o(.text)
    EXTI3_IRQHandler                         0x0800024f   Thumb Code     0  startup_stm32f10x_md.o(.text)
    EXTI4_IRQHandler                         0x0800024f   Thumb Code     0  startup_stm32f10x_md.o(.text)
    EXTI9_5_IRQHandler                       0x0800024f   Thumb Code     0  startup_stm32f10x_md.o(.text)
    FLASH_IRQHandler                         0x0800024f   Thumb Code     0  startup_stm32f10x_md.o(.text)
    I2C1_ER_IRQHandler                       0x0800024f   Thumb Code     0  startup_stm32f10x_md.o(.text)
    I2C1_EV_IRQHandler                       0x0800024f   Thumb Code     0  startup_stm32f10x_md.o(.text)
    I2C2_ER_IRQHandler                       0x0800024f   Thumb Code     0  startup_stm32f10x_md.o(.text)
    I2C2_EV_IRQHandler                       0x0800024f   Thumb Code     0  startup_stm32f10x_md.o(.text)
    PVD_IRQHandler                           0x0800024f   Thumb Code     0  startup_stm32f10x_md.o(.text)
    RCC_IRQHandler                           0x0800024f   Thumb Code     0  startup_stm32f10x_md.o(.text)
    RTCAlarm_IRQHandler                      0x0800024f   Thumb Code     0  startup_stm32f10x_md.o(.text)
    RTC_IRQHandler                           0x0800024f   Thumb Code     0  startup_stm32f10x_md.o(.text)
    SPI1_IRQHandler                          0x0800024f   Thumb Code     0  startup_stm32f10x_md.o(.text)
    SPI2_IRQHandler                          0x0800024f   Thumb Code     0  startup_stm32f10x_md.o(.text)
    TAMPER_IRQHandler                        0x0800024f   Thumb Code     0  startup_stm32f10x_md.o(.text)
    TIM1_BRK_IRQHandler                      0x0800024f   Thumb Code     0  startup_stm32f10x_md.o(.text)
    TIM1_CC_IRQHandler                       0x0800024f   Thumb Code     0  startup_stm32f10x_md.o(.text)
    TIM1_TRG_COM_IRQHandler                  0x0800024f   Thumb Code     0  startup_stm32f10x_md.o(.text)
    TIM1_UP_IRQHandler                       0x0800024f   Thumb Code     0  startup_stm32f10x_md.o(.text)
    TIM2_IRQHandler                          0x0800024f   Thumb Code     0  startup_stm32f10x_md.o(.text)
    TIM3_IRQHandler                          0x0800024f   Thumb Code     0  startup_stm32f10x_md.o(.text)
    TIM4_IRQHandler                          0x0800024f   Thumb Code     0  startup_stm32f10x_md.o(.text)
    USART1_IRQHandler                        0x0800024f   Thumb Code     0  startup_stm32f10x_md.o(.text)
    USART2_IRQHandler                        0x0800024f   Thumb Code     0  startup_stm32f10x_md.o(.text)
    USBWakeUp_IRQHandler                     0x0800024f   Thumb Code     0  startup_stm32f10x_md.o(.text)
    USB_HP_CAN1_TX_IRQHandler                0x0800024f   Thumb Code     0  startup_stm32f10x_md.o(.text)
    USB_LP_CAN1_RX0_IRQHandler               0x0800024f   Thumb Code     0  startup_stm32f10x_md.o(.text)
    WWDG_IRQHandler                          0x0800024f   Thumb Code     0  startup_stm32f10x_md.o(.text)
    __user_initial_stackheap                 0x08000251   Thumb Code     0  startup_stm32f10x_md.o(.text)
    __use_no_semihosting                     0x08000275   Thumb Code     2  use_no_semi_2.o(.text)
    vsnprintf                                0x08000279   Thumb Code    48  vsnprintf.o(.text)
    strlen                                   0x080002ad   Thumb Code    62  strlen.o(.text)
    __aeabi_memcpy4                          0x080002eb   Thumb Code     0  rt_memcpy_w.o(.text)
    __aeabi_memcpy8                          0x080002eb   Thumb Code     0  rt_memcpy_w.o(.text)
    __rt_memcpy_w                            0x080002eb   Thumb Code   100  rt_memcpy_w.o(.text)
    _memcpy_lastbytes_aligned                0x08000333   Thumb Code     0  rt_memcpy_w.o(.text)
    __use_two_region_memory                  0x0800034f   Thumb Code     2  heapauxi.o(.text)
    __rt_heap_escrow$2region                 0x08000351   Thumb Code     2  heapauxi.o(.text)
    __rt_heap_expand$2region                 0x08000353   Thumb Code     2  heapauxi.o(.text)
    __I$use$semihosting                      0x08000355   Thumb Code     0  use_no_semi.o(.text)
    __use_no_semihosting_swi                 0x08000355   Thumb Code     2  use_no_semi.o(.text)
    _printf_pre_padding                      0x08000357   Thumb Code    44  _printf_pad.o(.text)
    _printf_post_padding                     0x08000383   Thumb Code    34  _printf_pad.o(.text)
    _printf_truncate_signed                  0x080003a5   Thumb Code    18  _printf_truncate.o(.text)
    _printf_truncate_unsigned                0x080003b7   Thumb Code    18  _printf_truncate.o(.text)
    _printf_str                              0x080003c9   Thumb Code    82  _printf_str.o(.text)
    _printf_int_dec                          0x0800041d   Thumb Code   104  _printf_dec.o(.text)
    _printf_charcount                        0x08000495   Thumb Code    40  _printf_charcount.o(.text)
    _printf_char_common                      0x080004c7   Thumb Code    32  _printf_char_common.o(.text)
    _sputc                                   0x080004ed   Thumb Code    10  _sputc.o(.text)
    _snputc                                  0x080004f7   Thumb Code    16  _snputc.o(.text)
    _printf_wctomb                           0x08000509   Thumb Code   182  _printf_wctomb.o(.text)
    _printf_longlong_dec                     0x080005c5   Thumb Code   108  _printf_longlong_dec.o(.text)
    _printf_longlong_oct                     0x08000641   Thumb Code    66  _printf_oct_int_ll.o(.text)
    _printf_int_oct                          0x08000683   Thumb Code    24  _printf_oct_int_ll.o(.text)
    _printf_ll_oct                           0x0800069b   Thumb Code    12  _printf_oct_int_ll.o(.text)
    _printf_longlong_hex                     0x080006b1   Thumb Code    86  _printf_hex_int_ll_ptr.o(.text)
    _printf_int_hex                          0x08000707   Thumb Code    28  _printf_hex_int_ll_ptr.o(.text)
    _printf_ll_hex                           0x08000723   Thumb Code    12  _printf_hex_int_ll_ptr.o(.text)
    _printf_hex_ptr                          0x0800072f   Thumb Code    18  _printf_hex_int_ll_ptr.o(.text)
    __printf                                 0x08000745   Thumb Code   388  __printf_flags_ss_wp.o(.text)
    _ll_udiv10                               0x080008cd   Thumb Code   138  lludiv10.o(.text)
    _printf_int_common                       0x08000957   Thumb Code   178  _printf_intcommon.o(.text)
    __lib_sel_fp_printf                      0x08000a09   Thumb Code     2  _printf_fp_dec.o(.text)
    _printf_fp_dec_real                      0x08000bb7   Thumb Code   620  _printf_fp_dec.o(.text)
    _printf_fp_hex_real                      0x08000e25   Thumb Code   756  _printf_fp_hex.o(.text)
    _printf_cs_common                        0x08001121   Thumb Code    20  _printf_char.o(.text)
    _printf_char                             0x08001135   Thumb Code    16  _printf_char.o(.text)
    _printf_string                           0x08001145   Thumb Code     8  _printf_char.o(.text)
    _printf_lcs_common                       0x0800114d   Thumb Code    20  _printf_wchar.o(.text)
    _printf_wchar                            0x08001161   Thumb Code    16  _printf_wchar.o(.text)
    _printf_wstring                          0x08001171   Thumb Code     8  _printf_wchar.o(.text)
    _wcrtomb                                 0x08001179   Thumb Code    64  _wcrtomb.o(.text)
    __user_setup_stackheap                   0x080011b9   Thumb Code    74  sys_stackheap_outer.o(.text)
    __rt_ctype_table                         0x08001205   Thumb Code    16  rt_ctype_table.o(.text)
    __rt_locale                              0x08001215   Thumb Code     8  rt_locale_intlibspace.o(.text)
    _printf_fp_infnan                        0x0800121d   Thumb Code   112  _printf_fp_infnan.o(.text)
    _btod_etento                             0x0800129d   Thumb Code   216  bigflt0.o(.text)
    exit                                     0x08001379   Thumb Code    18  exit.o(.text)
    __user_libspace                          0x0800138d   Thumb Code     8  libspace.o(.text)
    __user_perproc_libspace                  0x0800138d   Thumb Code     0  libspace.o(.text)
    __user_perthread_libspace                0x0800138d   Thumb Code     0  libspace.o(.text)
    strcmp                                   0x08001395   Thumb Code   128  strcmpv7m.o(.text)
    _btod_d2e                                0x08001415   Thumb Code    62  btod.o(CL$$btod_d2e)
    _d2e_denorm_low                          0x08001453   Thumb Code    70  btod.o(CL$$btod_d2e_denorm_low)
    _d2e_norm_op1                            0x08001499   Thumb Code    96  btod.o(CL$$btod_d2e_norm_op1)
    __btod_div_common                        0x080014f9   Thumb Code   696  btod.o(CL$$btod_div_common)
    _e2e                                     0x08001831   Thumb Code   198  btod.o(CL$$btod_e2e)
    _btod_ediv                               0x080018f7   Thumb Code    40  btod.o(CL$$btod_ediv)
    _btod_emul                               0x0800191f   Thumb Code    40  btod.o(CL$$btod_emul)
    __btod_mult_common                       0x08001947   Thumb Code   580  btod.o(CL$$btod_mult_common)
    BusFault_Handler                         0x08001b8b   Thumb Code     4  stm32f10x_it.o(i.BusFault_Handler)
    DebugMon_Handler                         0x08001b8f   Thumb Code     2  stm32f10x_it.o(i.DebugMon_Handler)
    FLASH_PrefetchBufferCmd                  0x08001b91   Thumb Code    22  stm32f10x_flash.o(i.FLASH_PrefetchBufferCmd)
    FLASH_SetLatency                         0x08001bad   Thumb Code    18  stm32f10x_flash.o(i.FLASH_SetLatency)
    GPIO_Init                                0x08001bc5   Thumb Code   278  stm32f10x_gpio.o(i.GPIO_Init)
    GPIO_ReadInputDataBit                    0x08001cdb   Thumb Code    18  stm32f10x_gpio.o(i.GPIO_ReadInputDataBit)
    HardFault_Handler                        0x08001ced   Thumb Code     4  stm32f10x_it.o(i.HardFault_Handler)
    I2C1_Configuration                       0x08001cf1   Thumb Code   104  i2c.o(i.I2C1_Configuration)
    I2C1_SendBuf                             0x08001d65   Thumb Code   132  i2c.o(i.I2C1_SendBuf)
    I2C1_SendByte                            0x08001df5   Thumb Code   112  i2c.o(i.I2C1_SendByte)
    I2C_CheckEvent                           0x08001e71   Thumb Code    42  stm32f10x_i2c.o(i.I2C_CheckEvent)
    I2C_Cmd                                  0x08001e9b   Thumb Code    24  stm32f10x_i2c.o(i.I2C_Cmd)
    I2C_GenerateSTART                        0x08001eb3   Thumb Code    24  stm32f10x_i2c.o(i.I2C_GenerateSTART)
    I2C_GenerateSTOP                         0x08001ecb   Thumb Code    24  stm32f10x_i2c.o(i.I2C_GenerateSTOP)
    I2C_Init                                 0x08001ee5   Thumb Code   222  stm32f10x_i2c.o(i.I2C_Init)
    I2C_Send7bitAddress                      0x08001fd1   Thumb Code    18  stm32f10x_i2c.o(i.I2C_Send7bitAddress)
    I2C_SendData                             0x08001fe3   Thumb Code     4  stm32f10x_i2c.o(i.I2C_SendData)
    MY1690_Cmd2                              0x08001fe9   Thumb Code   146  my1690.o(i.MY1690_Cmd2)
    MY1690_Init                              0x08002081   Thumb Code    16  my1690.o(i.MY1690_Init)
    MY1690_NEXT                              0x08002091   Thumb Code    10  my1690.o(i.MY1690_NEXT)
    MY1690_PREV                              0x080020a5   Thumb Code    10  my1690.o(i.MY1690_PREV)
    MY1690_Pause                             0x080020b9   Thumb Code    10  my1690.o(i.MY1690_Pause)
    MY1690_Play                              0x080020cd   Thumb Code    10  my1690.o(i.MY1690_Play)
    MY1690_Stop                              0x080020e1   Thumb Code    10  my1690.o(i.MY1690_Stop)
    MY1690_VDOWN                             0x080020f5   Thumb Code    10  my1690.o(i.MY1690_VDOWN)
    MY1690_VUP                               0x08002109   Thumb Code    10  my1690.o(i.MY1690_VUP)
    MemManage_Handler                        0x0800211d   Thumb Code     4  stm32f10x_it.o(i.MemManage_Handler)
    NMI_Handler                              0x08002121   Thumb Code     2  stm32f10x_it.o(i.NMI_Handler)
    NVIC_Init                                0x08002125   Thumb Code   100  misc.o(i.NVIC_Init)
    OLED_CLEAR                               0x08002195   Thumb Code    68  oled.o(i.OLED_CLEAR)
    OLED_Init                                0x080021d9   Thumb Code    16  oled.o(i.OLED_Init)
    OLED_OFF                                 0x080021e9   Thumb Code    22  oled.o(i.OLED_OFF)
    OLED_ON                                  0x08002205   Thumb Code    30  oled.o(i.OLED_ON)
    OLED_Show8x16                            0x08002241   Thumb Code   146  oled.o(i.OLED_Show8x16)
    OLED_Show8x16Buf                         0x080022d9   Thumb Code    38  oled.o(i.OLED_Show8x16Buf)
    PendSV_Handler                           0x080022ff   Thumb Code     2  stm32f10x_it.o(i.PendSV_Handler)
    RCC_APB1PeriphClockCmd                   0x08002301   Thumb Code    26  stm32f10x_rcc.o(i.RCC_APB1PeriphClockCmd)
    RCC_APB2PeriphClockCmd                   0x08002321   Thumb Code    26  stm32f10x_rcc.o(i.RCC_APB2PeriphClockCmd)
    RCC_Configuration                        0x08002341   Thumb Code   102  sys.o(i.RCC_Configuration)
    RCC_DeInit                               0x080023a9   Thumb Code    64  stm32f10x_rcc.o(i.RCC_DeInit)
    RCC_GetClocksFreq                        0x080023f5   Thumb Code   192  stm32f10x_rcc.o(i.RCC_GetClocksFreq)
    RCC_GetFlagStatus                        0x080024c9   Thumb Code    56  stm32f10x_rcc.o(i.RCC_GetFlagStatus)
    RCC_GetSYSCLKSource                      0x08002505   Thumb Code    10  stm32f10x_rcc.o(i.RCC_GetSYSCLKSource)
    RCC_HCLKConfig                           0x08002515   Thumb Code    18  stm32f10x_rcc.o(i.RCC_HCLKConfig)
    RCC_HSEConfig                            0x0800252d   Thumb Code    70  stm32f10x_rcc.o(i.RCC_HSEConfig)
    RCC_PCLK1Config                          0x08002579   Thumb Code    18  stm32f10x_rcc.o(i.RCC_PCLK1Config)
    RCC_PCLK2Config                          0x08002591   Thumb Code    20  stm32f10x_rcc.o(i.RCC_PCLK2Config)
    RCC_PLLCmd                               0x080025a9   Thumb Code     6  stm32f10x_rcc.o(i.RCC_PLLCmd)
    RCC_PLLConfig                            0x080025b5   Thumb Code    24  stm32f10x_rcc.o(i.RCC_PLLConfig)
    RCC_SYSCLKConfig                         0x080025d1   Thumb Code    18  stm32f10x_rcc.o(i.RCC_SYSCLKConfig)
    RCC_WaitForHSEStartUp                    0x080025e9   Thumb Code    56  stm32f10x_rcc.o(i.RCC_WaitForHSEStartUp)
    ROTARY_GetStaus                          0x08002621   Thumb Code   174  rotary.o(i.ROTARY_GetStaus)
    ROTARY_Init                              0x080026e1   Thumb Code    52  rotary.o(i.ROTARY_Init)
    SVC_Handler                              0x0800271d   Thumb Code     2  stm32f10x_it.o(i.SVC_Handler)
    SysTick_Handler                          0x08002809   Thumb Code     2  stm32f10x_it.o(i.SysTick_Handler)
    SystemInit                               0x0800280d   Thumb Code    78  system_stm32f10x.o(i.SystemInit)
    TOUCH_Init                               0x0800286d   Thumb Code    32  touch.o(i.TOUCH_Init)
    USART3_IRQHandler                        0x08002891   Thumb Code    46  usart.o(i.USART3_IRQHandler)
    USART3_Init                              0x080028c9   Thumb Code   158  usart.o(i.USART3_Init)
    USART3_printf                            0x08002971   Thumb Code    82  usart.o(i.USART3_printf)
    USART_Cmd                                0x080029c9   Thumb Code    24  stm32f10x_usart.o(i.USART_Cmd)
    USART_GetFlagStatus                      0x080029e1   Thumb Code    26  stm32f10x_usart.o(i.USART_GetFlagStatus)
    USART_GetITStatus                        0x080029fb   Thumb Code    84  stm32f10x_usart.o(i.USART_GetITStatus)
    USART_ITConfig                           0x08002a4f   Thumb Code    74  stm32f10x_usart.o(i.USART_ITConfig)
    USART_Init                               0x08002a99   Thumb Code   210  stm32f10x_usart.o(i.USART_Init)
    USART_ReceiveData                        0x08002b71   Thumb Code    10  stm32f10x_usart.o(i.USART_ReceiveData)
    USART_SendData                           0x08002b7b   Thumb Code     8  stm32f10x_usart.o(i.USART_SendData)
    UsageFault_Handler                       0x08002b83   Thumb Code     4  stm32f10x_it.o(i.UsageFault_Handler)
    __ARM_fpclassify                         0x08002b87   Thumb Code    40  fpclassify.o(i.__ARM_fpclassify)
    _is_digit                                0x08002baf   Thumb Code    14  __printf_wp.o(i._is_digit)
    _sys_exit                                0x08002bbd   Thumb Code     4  usart.o(i._sys_exit)
    delay_ms                                 0x08002bc1   Thumb Code    26  delay.o(i.delay_ms)
    delay_us                                 0x08002bdb   Thumb Code    46  delay.o(i.delay_us)
    main                                     0x08002c09   Thumb Code   426  main.o(i.main)
    _get_lc_numeric                          0x08002e81   Thumb Code    44  lc_numeric_c.o(locale$$code)
    _get_lc_ctype                            0x08002ead   Thumb Code    44  lc_ctype_c.o(locale$$code)
    _printf_fp_dec                           0x08002ed9   Thumb Code     4  printf1.o(x$fpl$printf1)
    _printf_fp_hex                           0x08002edd   Thumb Code     4  printf2.o(x$fpl$printf2)
    ASC_TAB                                  0x08002ee0   Data        1536  oled.o(.constdata)
    __I$use$fp                               0x08002ee0   Number         0  usenofp.o(x$fpl$usenofp)
    PHOTO_TAB                                0x080034e0   Data           1  oled.o(.constdata)
    Region$$Table$$Base                      0x080035e0   Number         0  anon$$obj.o(Region$$Table)
    Region$$Table$$Limit                     0x08003600   Number         0  anon$$obj.o(Region$$Table)
    __ctype                                  0x08003629   Data           0  lc_ctype_c.o(locale$$data)
    __stdout                                 0x20000014   Data           4  usart.o(.data)
    USART3_RX_STA                            0x20000018   Data           1  usart.o(.data)
    key                                      0x20000019   Data           1  rotary.o(.data)
    cont                                     0x2000001a   Data           1  rotary.o(.data)
    __libspace_start                         0x2000001c   Data          96  libspace.o(.bss)
    __temporary_stack_top$libspace           0x2000007c   Data           0  libspace.o(.bss)



==============================================================================

Memory Map of the image

  Image Entry point : 0x080000ed

  Load Region LR_IROM1 (Base: 0x08000000, Size: 0x00003748, Max: 0x00010000, ABSOLUTE)

    Execution Region ER_IROM1 (Base: 0x08000000, Size: 0x0000372c, Max: 0x00010000, ABSOLUTE)

    Base Addr    Size         Type   Attr      Idx    E Section Name        Object

    0x08000000   0x000000ec   Data   RO         1063    RESET               startup_stm32f10x_md.o
    0x080000ec   0x00000008   Code   RO         1513  * !!!main             c_w.l(__main.o)
    0x080000f4   0x00000034   Code   RO         1834    !!!scatter          c_w.l(__scatter.o)
    0x08000128   0x0000001a   Code   RO         1836    !!handler_copy      c_w.l(__scatter_copy.o)
    0x08000142   0x00000002   PAD
    0x08000144   0x0000001c   Code   RO         1838    !!handler_zi        c_w.l(__scatter_zi.o)
    0x08000160   0x00000000   Code   RO         1601    .ARM.Collect$$_printf_percent$$00000000  c_w.l(_printf_percent.o)
    0x08000160   0x00000006   Code   RO         1590    .ARM.Collect$$_printf_percent$$00000001  c_w.l(_printf_n.o)
    0x08000166   0x00000006   Code   RO         1592    .ARM.Collect$$_printf_percent$$00000002  c_w.l(_printf_p.o)
    0x0800016c   0x00000006   Code   RO         1597    .ARM.Collect$$_printf_percent$$00000003  c_w.l(_printf_f.o)
    0x08000172   0x00000006   Code   RO         1598    .ARM.Collect$$_printf_percent$$00000004  c_w.l(_printf_e.o)
    0x08000178   0x00000006   Code   RO         1599    .ARM.Collect$$_printf_percent$$00000005  c_w.l(_printf_g.o)
    0x0800017e   0x00000006   Code   RO         1600    .ARM.Collect$$_printf_percent$$00000006  c_w.l(_printf_a.o)
    0x08000184   0x0000000a   Code   RO         1605    .ARM.Collect$$_printf_percent$$00000007  c_w.l(_printf_ll.o)
    0x0800018e   0x00000006   Code   RO         1594    .ARM.Collect$$_printf_percent$$00000008  c_w.l(_printf_i.o)
    0x08000194   0x00000006   Code   RO         1595    .ARM.Collect$$_printf_percent$$00000009  c_w.l(_printf_d.o)
    0x0800019a   0x00000006   Code   RO         1596    .ARM.Collect$$_printf_percent$$0000000A  c_w.l(_printf_u.o)
    0x080001a0   0x00000006   Code   RO         1593    .ARM.Collect$$_printf_percent$$0000000B  c_w.l(_printf_o.o)
    0x080001a6   0x00000006   Code   RO         1591    .ARM.Collect$$_printf_percent$$0000000C  c_w.l(_printf_x.o)
    0x080001ac   0x00000006   Code   RO         1602    .ARM.Collect$$_printf_percent$$0000000D  c_w.l(_printf_lli.o)
    0x080001b2   0x00000006   Code   RO         1603    .ARM.Collect$$_printf_percent$$0000000E  c_w.l(_printf_lld.o)
    0x080001b8   0x00000006   Code   RO         1604    .ARM.Collect$$_printf_percent$$0000000F  c_w.l(_printf_llu.o)
    0x080001be   0x00000006   Code   RO         1609    .ARM.Collect$$_printf_percent$$00000010  c_w.l(_printf_llo.o)
    0x080001c4   0x00000006   Code   RO         1610    .ARM.Collect$$_printf_percent$$00000011  c_w.l(_printf_llx.o)
    0x080001ca   0x0000000a   Code   RO         1606    .ARM.Collect$$_printf_percent$$00000012  c_w.l(_printf_l.o)
    0x080001d4   0x00000006   Code   RO         1588    .ARM.Collect$$_printf_percent$$00000013  c_w.l(_printf_c.o)
    0x080001da   0x00000006   Code   RO         1589    .ARM.Collect$$_printf_percent$$00000014  c_w.l(_printf_s.o)
    0x080001e0   0x00000006   Code   RO         1607    .ARM.Collect$$_printf_percent$$00000015  c_w.l(_printf_lc.o)
    0x080001e6   0x00000006   Code   RO         1608    .ARM.Collect$$_printf_percent$$00000016  c_w.l(_printf_ls.o)
    0x080001ec   0x00000004   Code   RO         1649    .ARM.Collect$$_printf_percent$$00000017  c_w.l(_printf_percent_end.o)
    0x080001f0   0x00000002   Code   RO         1698    .ARM.Collect$$libinit$$00000000  c_w.l(libinit.o)
    0x080001f2   0x00000000   Code   RO         1715    .ARM.Collect$$libinit$$00000002  c_w.l(libinit2.o)
    0x080001f2   0x00000000   Code   RO         1717    .ARM.Collect$$libinit$$00000004  c_w.l(libinit2.o)
    0x080001f2   0x00000000   Code   RO         1720    .ARM.Collect$$libinit$$0000000A  c_w.l(libinit2.o)
    0x080001f2   0x00000000   Code   RO         1722    .ARM.Collect$$libinit$$0000000C  c_w.l(libinit2.o)
    0x080001f2   0x00000000   Code   RO         1724    .ARM.Collect$$libinit$$0000000E  c_w.l(libinit2.o)
    0x080001f2   0x00000006   Code   RO         1725    .ARM.Collect$$libinit$$0000000F  c_w.l(libinit2.o)
    0x080001f8   0x00000000   Code   RO         1727    .ARM.Collect$$libinit$$00000011  c_w.l(libinit2.o)
    0x080001f8   0x0000000c   Code   RO         1728    .ARM.Collect$$libinit$$00000012  c_w.l(libinit2.o)
    0x08000204   0x00000000   Code   RO         1729    .ARM.Collect$$libinit$$00000013  c_w.l(libinit2.o)
    0x08000204   0x00000000   Code   RO         1731    .ARM.Collect$$libinit$$00000015  c_w.l(libinit2.o)
    0x08000204   0x0000000a   Code   RO         1732    .ARM.Collect$$libinit$$00000016  c_w.l(libinit2.o)
    0x0800020e   0x00000000   Code   RO         1733    .ARM.Collect$$libinit$$00000017  c_w.l(libinit2.o)
    0x0800020e   0x00000000   Code   RO         1735    .ARM.Collect$$libinit$$00000019  c_w.l(libinit2.o)
    0x0800020e   0x00000000   Code   RO         1737    .ARM.Collect$$libinit$$0000001B  c_w.l(libinit2.o)
    0x0800020e   0x00000000   Code   RO         1739    .ARM.Collect$$libinit$$0000001D  c_w.l(libinit2.o)
    0x0800020e   0x00000000   Code   RO         1741    .ARM.Collect$$libinit$$0000001F  c_w.l(libinit2.o)
    0x0800020e   0x00000000   Code   RO         1743    .ARM.Collect$$libinit$$00000021  c_w.l(libinit2.o)
    0x0800020e   0x00000000   Code   RO         1745    .ARM.Collect$$libinit$$00000023  c_w.l(libinit2.o)
    0x0800020e   0x00000000   Code   RO         1747    .ARM.Collect$$libinit$$00000025  c_w.l(libinit2.o)
    0x0800020e   0x00000000   Code   RO         1751    .ARM.Collect$$libinit$$0000002C  c_w.l(libinit2.o)
    0x0800020e   0x00000000   Code   RO         1753    .ARM.Collect$$libinit$$0000002E  c_w.l(libinit2.o)
    0x0800020e   0x00000000   Code   RO         1755    .ARM.Collect$$libinit$$00000030  c_w.l(libinit2.o)
    0x0800020e   0x00000000   Code   RO         1757    .ARM.Collect$$libinit$$00000032  c_w.l(libinit2.o)
    0x0800020e   0x00000002   Code   RO         1758    .ARM.Collect$$libinit$$00000033  c_w.l(libinit2.o)
    0x08000210   0x00000002   Code   RO         1776    .ARM.Collect$$libshutdown$$00000000  c_w.l(libshutdown.o)
    0x08000212   0x00000000   Code   RO         1786    .ARM.Collect$$libshutdown$$00000002  c_w.l(libshutdown2.o)
    0x08000212   0x00000000   Code   RO         1788    .ARM.Collect$$libshutdown$$00000004  c_w.l(libshutdown2.o)
    0x08000212   0x00000000   Code   RO         1791    .ARM.Collect$$libshutdown$$00000007  c_w.l(libshutdown2.o)
    0x08000212   0x00000000   Code   RO         1794    .ARM.Collect$$libshutdown$$0000000A  c_w.l(libshutdown2.o)
    0x08000212   0x00000000   Code   RO         1796    .ARM.Collect$$libshutdown$$0000000C  c_w.l(libshutdown2.o)
    0x08000212   0x00000000   Code   RO         1799    .ARM.Collect$$libshutdown$$0000000F  c_w.l(libshutdown2.o)
    0x08000212   0x00000002   Code   RO         1800    .ARM.Collect$$libshutdown$$00000010  c_w.l(libshutdown2.o)
    0x08000214   0x00000000   Code   RO         1517    .ARM.Collect$$rtentry$$00000000  c_w.l(__rtentry.o)
    0x08000214   0x00000000   Code   RO         1620    .ARM.Collect$$rtentry$$00000002  c_w.l(__rtentry2.o)
    0x08000214   0x00000006   Code   RO         1632    .ARM.Collect$$rtentry$$00000004  c_w.l(__rtentry4.o)
    0x0800021a   0x00000000   Code   RO         1622    .ARM.Collect$$rtentry$$00000009  c_w.l(__rtentry2.o)
    0x0800021a   0x00000004   Code   RO         1623    .ARM.Collect$$rtentry$$0000000A  c_w.l(__rtentry2.o)
    0x0800021e   0x00000000   Code   RO         1625    .ARM.Collect$$rtentry$$0000000C  c_w.l(__rtentry2.o)
    0x0800021e   0x00000008   Code   RO         1626    .ARM.Collect$$rtentry$$0000000D  c_w.l(__rtentry2.o)
    0x08000226   0x00000002   Code   RO         1707    .ARM.Collect$$rtexit$$00000000  c_w.l(rtexit.o)
    0x08000228   0x00000000   Code   RO         1760    .ARM.Collect$$rtexit$$00000002  c_w.l(rtexit2.o)
    0x08000228   0x00000004   Code   RO         1761    .ARM.Collect$$rtexit$$00000003  c_w.l(rtexit2.o)
    0x0800022c   0x00000006   Code   RO         1762    .ARM.Collect$$rtexit$$00000004  c_w.l(rtexit2.o)
    0x08000232   0x00000002   PAD
    0x08000234   0x00000040   Code   RO         1064    .text               startup_stm32f10x_md.o
    0x08000274   0x00000002   Code   RO         1503    .text               c_w.l(use_no_semi_2.o)
    0x08000276   0x00000002   PAD
    0x08000278   0x00000034   Code   RO         1505    .text               c_w.l(vsnprintf.o)
    0x080002ac   0x0000003e   Code   RO         1507    .text               c_w.l(strlen.o)
    0x080002ea   0x00000064   Code   RO         1509    .text               c_w.l(rt_memcpy_w.o)
    0x0800034e   0x00000006   Code   RO         1511    .text               c_w.l(heapauxi.o)
    0x08000354   0x00000002   Code   RO         1515    .text               c_w.l(use_no_semi.o)
    0x08000356   0x0000004e   Code   RO         1520    .text               c_w.l(_printf_pad.o)
    0x080003a4   0x00000024   Code   RO         1522    .text               c_w.l(_printf_truncate.o)
    0x080003c8   0x00000052   Code   RO         1524    .text               c_w.l(_printf_str.o)
    0x0800041a   0x00000002   PAD
    0x0800041c   0x00000078   Code   RO         1526    .text               c_w.l(_printf_dec.o)
    0x08000494   0x00000028   Code   RO         1528    .text               c_w.l(_printf_charcount.o)
    0x080004bc   0x00000030   Code   RO         1530    .text               c_w.l(_printf_char_common.o)
    0x080004ec   0x0000000a   Code   RO         1532    .text               c_w.l(_sputc.o)
    0x080004f6   0x00000010   Code   RO         1534    .text               c_w.l(_snputc.o)
    0x08000506   0x00000002   PAD
    0x08000508   0x000000bc   Code   RO         1536    .text               c_w.l(_printf_wctomb.o)
    0x080005c4   0x0000007c   Code   RO         1539    .text               c_w.l(_printf_longlong_dec.o)
    0x08000640   0x00000070   Code   RO         1545    .text               c_w.l(_printf_oct_int_ll.o)
    0x080006b0   0x00000094   Code   RO         1565    .text               c_w.l(_printf_hex_int_ll_ptr.o)
    0x08000744   0x00000188   Code   RO         1585    .text               c_w.l(__printf_flags_ss_wp.o)
    0x080008cc   0x0000008a   Code   RO         1634    .text               c_w.l(lludiv10.o)
    0x08000956   0x000000b2   Code   RO         1636    .text               c_w.l(_printf_intcommon.o)
    0x08000a08   0x0000041a   Code   RO         1638    .text               c_w.l(_printf_fp_dec.o)
    0x08000e22   0x00000002   PAD
    0x08000e24   0x000002fc   Code   RO         1640    .text               c_w.l(_printf_fp_hex.o)
    0x08001120   0x0000002c   Code   RO         1645    .text               c_w.l(_printf_char.o)
    0x0800114c   0x0000002c   Code   RO         1647    .text               c_w.l(_printf_wchar.o)
    0x08001178   0x00000040   Code   RO         1650    .text               c_w.l(_wcrtomb.o)
    0x080011b8   0x0000004a   Code   RO         1652    .text               c_w.l(sys_stackheap_outer.o)
    0x08001202   0x00000002   PAD
    0x08001204   0x00000010   Code   RO         1654    .text               c_w.l(rt_ctype_table.o)
    0x08001214   0x00000008   Code   RO         1659    .text               c_w.l(rt_locale_intlibspace.o)
    0x0800121c   0x00000080   Code   RO         1661    .text               c_w.l(_printf_fp_infnan.o)
    0x0800129c   0x000000dc   Code   RO         1663    .text               c_w.l(bigflt0.o)
    0x08001378   0x00000012   Code   RO         1691    .text               c_w.l(exit.o)
    0x0800138a   0x00000002   PAD
    0x0800138c   0x00000008   Code   RO         1704    .text               c_w.l(libspace.o)
    0x08001394   0x00000080   Code   RO         1712    .text               c_w.l(strcmpv7m.o)
    0x08001414   0x0000003e   Code   RO         1666    CL$$btod_d2e        c_w.l(btod.o)
    0x08001452   0x00000046   Code   RO         1668    CL$$btod_d2e_denorm_low  c_w.l(btod.o)
    0x08001498   0x00000060   Code   RO         1667    CL$$btod_d2e_norm_op1  c_w.l(btod.o)
    0x080014f8   0x00000338   Code   RO         1676    CL$$btod_div_common  c_w.l(btod.o)
    0x08001830   0x000000c6   Code   RO         1673    CL$$btod_e2e        c_w.l(btod.o)
    0x080018f6   0x00000028   Code   RO         1670    CL$$btod_ediv       c_w.l(btod.o)
    0x0800191e   0x00000028   Code   RO         1669    CL$$btod_emul       c_w.l(btod.o)
    0x08001946   0x00000244   Code   RO         1675    CL$$btod_mult_common  c_w.l(btod.o)
    0x08001b8a   0x00000004   Code   RO         1118    i.BusFault_Handler  stm32f10x_it.o
    0x08001b8e   0x00000002   Code   RO         1119    i.DebugMon_Handler  stm32f10x_it.o
    0x08001b90   0x0000001c   Code   RO          206    i.FLASH_PrefetchBufferCmd  stm32f10x_flash.o
    0x08001bac   0x00000018   Code   RO          211    i.FLASH_SetLatency  stm32f10x_flash.o
    0x08001bc4   0x00000116   Code   RO          369    i.GPIO_Init         stm32f10x_gpio.o
    0x08001cda   0x00000012   Code   RO          373    i.GPIO_ReadInputDataBit  stm32f10x_gpio.o
    0x08001cec   0x00000004   Code   RO         1120    i.HardFault_Handler  stm32f10x_it.o
    0x08001cf0   0x00000074   Code   RO         1208    i.I2C1_Configuration  i2c.o
    0x08001d64   0x00000090   Code   RO         1211    i.I2C1_SendBuf      i2c.o
    0x08001df4   0x0000007c   Code   RO         1212    i.I2C1_SendByte     i2c.o
    0x08001e70   0x0000002a   Code   RO          860    i.I2C_CheckEvent    stm32f10x_i2c.o
    0x08001e9a   0x00000018   Code   RO          863    i.I2C_Cmd           stm32f10x_i2c.o
    0x08001eb2   0x00000018   Code   RO          870    i.I2C_GenerateSTART  stm32f10x_i2c.o
    0x08001eca   0x00000018   Code   RO          871    i.I2C_GenerateSTOP  stm32f10x_i2c.o
    0x08001ee2   0x00000002   PAD
    0x08001ee4   0x000000ec   Code   RO          877    i.I2C_Init          stm32f10x_i2c.o
    0x08001fd0   0x00000012   Code   RO          884    i.I2C_Send7bitAddress  stm32f10x_i2c.o
    0x08001fe2   0x00000004   Code   RO          885    i.I2C_SendData      stm32f10x_i2c.o
    0x08001fe6   0x00000002   PAD
    0x08001fe8   0x00000098   Code   RO         1318    i.MY1690_Cmd2       my1690.o
    0x08002080   0x00000010   Code   RO         1320    i.MY1690_Init       my1690.o
    0x08002090   0x00000014   Code   RO         1321    i.MY1690_NEXT       my1690.o
    0x080020a4   0x00000014   Code   RO         1322    i.MY1690_PREV       my1690.o
    0x080020b8   0x00000014   Code   RO         1323    i.MY1690_Pause      my1690.o
    0x080020cc   0x00000014   Code   RO         1324    i.MY1690_Play       my1690.o
    0x080020e0   0x00000014   Code   RO         1325    i.MY1690_Stop       my1690.o
    0x080020f4   0x00000014   Code   RO         1326    i.MY1690_VDOWN      my1690.o
    0x08002108   0x00000014   Code   RO         1327    i.MY1690_VUP        my1690.o
    0x0800211c   0x00000004   Code   RO         1121    i.MemManage_Handler  stm32f10x_it.o
    0x08002120   0x00000002   Code   RO         1122    i.NMI_Handler       stm32f10x_it.o
    0x08002122   0x00000002   PAD
    0x08002124   0x00000070   Code   RO          130    i.NVIC_Init         misc.o
    0x08002194   0x00000044   Code   RO         1392    i.OLED_CLEAR        oled.o
    0x080021d8   0x00000010   Code   RO         1393    i.OLED_Init         oled.o
    0x080021e8   0x0000001c   Code   RO         1394    i.OLED_OFF          oled.o
    0x08002204   0x0000003c   Code   RO         1395    i.OLED_ON           oled.o
    0x08002240   0x00000098   Code   RO         1397    i.OLED_Show8x16     oled.o
    0x080022d8   0x00000026   Code   RO         1398    i.OLED_Show8x16Buf  oled.o
    0x080022fe   0x00000002   Code   RO         1123    i.PendSV_Handler    stm32f10x_it.o
    0x08002300   0x00000020   Code   RO          659    i.RCC_APB1PeriphClockCmd  stm32f10x_rcc.o
    0x08002320   0x00000020   Code   RO          661    i.RCC_APB2PeriphClockCmd  stm32f10x_rcc.o
    0x08002340   0x00000066   Code   RO         1248    i.RCC_Configuration  sys.o
    0x080023a6   0x00000002   PAD
    0x080023a8   0x0000004c   Code   RO          668    i.RCC_DeInit        stm32f10x_rcc.o
    0x080023f4   0x000000d4   Code   RO          669    i.RCC_GetClocksFreq  stm32f10x_rcc.o
    0x080024c8   0x0000003c   Code   RO          670    i.RCC_GetFlagStatus  stm32f10x_rcc.o
    0x08002504   0x00000010   Code   RO          672    i.RCC_GetSYSCLKSource  stm32f10x_rcc.o
    0x08002514   0x00000018   Code   RO          673    i.RCC_HCLKConfig    stm32f10x_rcc.o
    0x0800252c   0x0000004c   Code   RO          674    i.RCC_HSEConfig     stm32f10x_rcc.o
    0x08002578   0x00000018   Code   RO          680    i.RCC_PCLK1Config   stm32f10x_rcc.o
    0x08002590   0x00000018   Code   RO          681    i.RCC_PCLK2Config   stm32f10x_rcc.o
    0x080025a8   0x0000000c   Code   RO          682    i.RCC_PLLCmd        stm32f10x_rcc.o
    0x080025b4   0x0000001c   Code   RO          683    i.RCC_PLLConfig     stm32f10x_rcc.o
    0x080025d0   0x00000018   Code   RO          686    i.RCC_SYSCLKConfig  stm32f10x_rcc.o
    0x080025e8   0x00000038   Code   RO          688    i.RCC_WaitForHSEStartUp  stm32f10x_rcc.o
    0x08002620   0x000000c0   Code   RO         1462    i.ROTARY_GetStaus   rotary.o
    0x080026e0   0x0000003c   Code   RO         1463    i.ROTARY_Init       rotary.o
    0x0800271c   0x00000002   Code   RO         1124    i.SVC_Handler       stm32f10x_it.o
    0x0800271e   0x00000008   Code   RO           17    i.SetSysClock       system_stm32f10x.o
    0x08002726   0x00000002   PAD
    0x08002728   0x000000e0   Code   RO           18    i.SetSysClockTo72   system_stm32f10x.o
    0x08002808   0x00000002   Code   RO         1125    i.SysTick_Handler   stm32f10x_it.o
    0x0800280a   0x00000002   PAD
    0x0800280c   0x00000060   Code   RO           20    i.SystemInit        system_stm32f10x.o
    0x0800286c   0x00000024   Code   RO         1486    i.TOUCH_Init        touch.o
    0x08002890   0x00000038   Code   RO         1268    i.USART3_IRQHandler  usart.o
    0x080028c8   0x000000a8   Code   RO         1269    i.USART3_Init       usart.o
    0x08002970   0x00000058   Code   RO         1270    i.USART3_printf     usart.o
    0x080029c8   0x00000018   Code   RO          481    i.USART_Cmd         stm32f10x_usart.o
    0x080029e0   0x0000001a   Code   RO          484    i.USART_GetFlagStatus  stm32f10x_usart.o
    0x080029fa   0x00000054   Code   RO          485    i.USART_GetITStatus  stm32f10x_usart.o
    0x08002a4e   0x0000004a   Code   RO          487    i.USART_ITConfig    stm32f10x_usart.o
    0x08002a98   0x000000d8   Code   RO          488    i.USART_Init        stm32f10x_usart.o
    0x08002b70   0x0000000a   Code   RO          495    i.USART_ReceiveData  stm32f10x_usart.o
    0x08002b7a   0x00000008   Code   RO          498    i.USART_SendData    stm32f10x_usart.o
    0x08002b82   0x00000004   Code   RO         1126    i.UsageFault_Handler  stm32f10x_it.o
    0x08002b86   0x00000028   Code   RO         1702    i.__ARM_fpclassify  m_ws.l(fpclassify.o)
    0x08002bae   0x0000000e   Code   RO         1578    i._is_digit         c_w.l(__printf_wp.o)
    0x08002bbc   0x00000004   Code   RO         1271    i._sys_exit         usart.o
    0x08002bc0   0x0000001a   Code   RO         1181    i.delay_ms          delay.o
    0x08002bda   0x0000002e   Code   RO         1183    i.delay_us          delay.o
    0x08002c08   0x00000278   Code   RO         1068    i.main              main.o
    0x08002e80   0x0000002c   Code   RO         1689    locale$$code        c_w.l(lc_numeric_c.o)
    0x08002eac   0x0000002c   Code   RO         1710    locale$$code        c_w.l(lc_ctype_c.o)
    0x08002ed8   0x00000004   Code   RO         1611    x$fpl$printf1       fz_ws.l(printf1.o)
    0x08002edc   0x00000004   Code   RO         1613    x$fpl$printf2       fz_ws.l(printf2.o)
    0x08002ee0   0x00000000   Code   RO         1701    x$fpl$usenofp       fz_ws.l(usenofp.o)
    0x08002ee0   0x00000601   Data   RO         1400    .constdata          oled.o
    0x080034e1   0x00000003   PAD
    0x080034e4   0x00000008   Data   RO         1537    .constdata          c_w.l(_printf_wctomb.o)
    0x080034ec   0x00000028   Data   RO         1566    .constdata          c_w.l(_printf_hex_int_ll_ptr.o)
    0x08003514   0x00000011   Data   RO         1586    .constdata          c_w.l(__printf_flags_ss_wp.o)
    0x08003525   0x00000026   Data   RO         1641    .constdata          c_w.l(_printf_fp_hex.o)
    0x0800354b   0x00000001   PAD
    0x0800354c   0x00000094   Data   RO         1664    .constdata          c_w.l(bigflt0.o)
    0x080035e0   0x00000020   Data   RO         1832    Region$$Table       anon$$obj.o
    0x08003600   0x0000001c   Data   RO         1688    locale$$data        c_w.l(lc_numeric_c.o)
    0x0800361c   0x00000110   Data   RO         1709    locale$$data        c_w.l(lc_ctype_c.o)


    Execution Region RW_IRAM1 (Base: 0x20000000, Size: 0x00000680, Max: 0x00005000, ABSOLUTE)

    Base Addr    Size         Type   Attr      Idx    E Section Name        Object

    0x20000000   0x00000014   Data   RW          689    .data               stm32f10x_rcc.o
    0x20000014   0x00000005   Data   RW         1273    .data               usart.o
    0x20000019   0x00000002   Data   RW         1464    .data               rotary.o
    0x2000001b   0x00000001   PAD
    0x2000001c   0x00000060   Zero   RW         1705    .bss                c_w.l(libspace.o)
    0x2000007c   0x00000004   PAD
    0x20000080   0x00000200   Zero   RW         1062    HEAP                startup_stm32f10x_md.o
    0x20000280   0x00000400   Zero   RW         1061    STACK               startup_stm32f10x_md.o


==============================================================================

Image component sizes


      Code (inc. data)   RO Data    RW Data    ZI Data      Debug   Object Name

         0          0          0          0          0       4540   core_cm3.o
        72          0          0          0          0        850   delay.o
       384         36          0          0          0       1956   i2c.o
       632        206          0          0          0        691   main.o
       112         12          0          0          0     204124   misc.o
       308         76          0          0          0       3719   my1690.o
       362         42       1537          0          0       4090   oled.o
       252         26          0          2          0       1203   rotary.o
        64         26        236          0       1536        760   startup_stm32f10x_md.o
        52         12          0          0          0        953   stm32f10x_flash.o
       296          0          0          0          0       2352   stm32f10x_gpio.o
       372         14          0          0          0       5294   stm32f10x_i2c.o
        26          0          0          0          0       3406   stm32f10x_it.o
       696         92          0         20          0       9362   stm32f10x_rcc.o
       442          6          0          0          0       5569   stm32f10x_usart.o
       102          0          0          0          0        492   sys.o
       328         28          0          0          0      32525   system_stm32f10x.o
        36          4          0          0          0        421   touch.o
       316         26          0          5          0       4278   usart.o

    ----------------------------------------------------------------------
      4864        606       1808         28       1536     286585   Object Totals
         0          0         32          0          0          0   (incl. Generated)
        12          0          3          1          0          0   (incl. Padding)

    ----------------------------------------------------------------------

      Code (inc. data)   RO Data    RW Data    ZI Data      Debug   Library Member Name

         8          0          0          0          0         68   __main.o
       392          4         17          0          0         92   __printf_flags_ss_wp.o
        14          0          0          0          0         68   __printf_wp.o
         0          0          0          0          0          0   __rtentry.o
        12          0          0          0          0          0   __rtentry2.o
         6          0          0          0          0          0   __rtentry4.o
        52          8          0          0          0          0   __scatter.o
        26          0          0          0          0          0   __scatter_copy.o
        28          0          0          0          0          0   __scatter_zi.o
         6          0          0          0          0          0   _printf_a.o
         6          0          0          0          0          0   _printf_c.o
        44          0          0          0          0        108   _printf_char.o
        48          6          0          0          0         96   _printf_char_common.o
        40          0          0          0          0         68   _printf_charcount.o
         6          0          0          0          0          0   _printf_d.o
       120         16          0          0          0         92   _printf_dec.o
         6          0          0          0          0          0   _printf_e.o
         6          0          0          0          0          0   _printf_f.o
      1050          0          0          0          0        216   _printf_fp_dec.o
       764          8         38          0          0        100   _printf_fp_hex.o
       128         16          0          0          0         84   _printf_fp_infnan.o
         6          0          0          0          0          0   _printf_g.o
       148          4         40          0          0        160   _printf_hex_int_ll_ptr.o
         6          0          0          0          0          0   _printf_i.o
       178          0          0          0          0         88   _printf_intcommon.o
        10          0          0          0          0          0   _printf_l.o
         6          0          0          0          0          0   _printf_lc.o
        10          0          0          0          0          0   _printf_ll.o
         6          0          0          0          0          0   _printf_lld.o
         6          0          0          0          0          0   _printf_lli.o
         6          0          0          0          0          0   _printf_llo.o
         6          0          0          0          0          0   _printf_llu.o
         6          0          0          0          0          0   _printf_llx.o
       124         16          0          0          0         92   _printf_longlong_dec.o
         6          0          0          0          0          0   _printf_ls.o
         6          0          0          0          0          0   _printf_n.o
         6          0          0          0          0          0   _printf_o.o
       112         10          0          0          0        124   _printf_oct_int_ll.o
         6          0          0          0          0          0   _printf_p.o
        78          0          0          0          0        108   _printf_pad.o
         0          0          0          0          0          0   _printf_percent.o
         4          0          0          0          0          0   _printf_percent_end.o
         6          0          0          0          0          0   _printf_s.o
        82          0          0          0          0         80   _printf_str.o
        36          0          0          0          0         84   _printf_truncate.o
         6          0          0          0          0          0   _printf_u.o
        44          0          0          0          0        108   _printf_wchar.o
       188          6          8          0          0         92   _printf_wctomb.o
         6          0          0          0          0          0   _printf_x.o
        16          0          0          0          0         68   _snputc.o
        10          0          0          0          0         68   _sputc.o
        64          0          0          0          0         92   _wcrtomb.o
       220          4        148          0          0         96   bigflt0.o
      1910        128          0          0          0        672   btod.o
        18          0          0          0          0         80   exit.o
         6          0          0          0          0        152   heapauxi.o
        44         10        272          0          0         76   lc_ctype_c.o
        44         10         28          0          0         76   lc_numeric_c.o
         2          0          0          0          0          0   libinit.o
        30          0          0          0          0          0   libinit2.o
         2          0          0          0          0          0   libshutdown.o
         2          0          0          0          0          0   libshutdown2.o
         8          4          0          0         96         68   libspace.o
       138          0          0          0          0         80   lludiv10.o
        16          4          0          0          0         76   rt_ctype_table.o
         8          4          0          0          0         68   rt_locale_intlibspace.o
       100          0          0          0          0         80   rt_memcpy_w.o
         2          0          0          0          0          0   rtexit.o
        10          0          0          0          0          0   rtexit2.o
       128          0          0          0          0         68   strcmpv7m.o
        62          0          0          0          0         76   strlen.o
        74          0          0          0          0         80   sys_stackheap_outer.o
         2          0          0          0          0         68   use_no_semi.o
         2          0          0          0          0         68   use_no_semi_2.o
        52          4          0          0          0         80   vsnprintf.o
         4          0          0          0          0         68   printf1.o
         4          0          0          0          0         68   printf2.o
         0          0          0          0          0          0   usenofp.o
        40          0          0          0          0         68   fpclassify.o

    ----------------------------------------------------------------------
      6900        262        552          0        100       4324   Library Totals
        16          0          1          0          4          0   (incl. Padding)

    ----------------------------------------------------------------------

      Code (inc. data)   RO Data    RW Data    ZI Data      Debug   Library Name

      6836        262        551          0         96       4120   c_w.l
         8          0          0          0          0        136   fz_ws.l
        40          0          0          0          0         68   m_ws.l

    ----------------------------------------------------------------------
      6900        262        552          0        100       4324   Library Totals

    ----------------------------------------------------------------------

==============================================================================


      Code (inc. data)   RO Data    RW Data    ZI Data      Debug   

     11764        868       2360         28       1636     284925   Grand Totals
     11764        868       2360         28       1636     284925   ELF Image Totals
     11764        868       2360         28          0          0   ROM Totals

==============================================================================

    Total RO  Size (Code + RO Data)                14124 (  13.79kB)
    Total RW  Size (RW Data + ZI Data)              1664 (   1.63kB)
    Total ROM Size (Code + RO Data + RW Data)      14152 (  13.82kB)

==============================================================================

