<html>
<body>
<pre>
<h1>µVision Build Log</h1>
<h2>Project:</h2>
E:\ÏîÄ¿\stm32\05.FLASH¶ÁÐ´\led.uvproj
Project File Date:  04/04/2022

<h2>Output:</h2>
Build target 'Target 1'
compiling main.c...
compiling flash.c...
compiling key.c...
linking...
Program Size: Code=4824 RO-data=268 RW-data=40 ZI-data=1632  
FromELF: creating hex file...
"led.axf" - 0 Error(s), 0 Warning(s).
Build target 'Target 1'
compiling main.c...
compiling flash.c...
linking...
Program Size: Code=4824 RO-data=268 RW-data=40 ZI-data=1632  
FromELF: creating hex file...
"led.axf" - 0 Error(s), 0 Warning(s).
