<html>
<body>
<pre>
<h1>µVision Build Log</h1>
<h2>Project:</h2>
E:\ÏîÄ¿\stm32\05.FLASH¶ÁÐ´\led.uvproj
Project File Date:  04/03/2022

<h2>Output:</h2>
Build target 'Target 1'
compiling core_cm3.c...
compiling system_stm32f10x.c...
compiling misc.c...
compiling stm32f10x_adc.c...
compiling stm32f10x_bkp.c...
compiling stm32f10x_can.c...
compiling stm32f10x_cec.c...
compiling stm32f10x_crc.c...
compiling stm32f10x_dac.c...
compiling stm32f10x_dbgmcu.c...
compiling stm32f10x_dma.c...
compiling stm32f10x_exti.c...
compiling stm32f10x_flash.c...
compiling stm32f10x_fsmc.c...
compiling stm32f10x_gpio.c...
compiling stm32f10x_i2c.c...
compiling stm32f10x_iwdg.c...
compiling stm32f10x_pwr.c...
compiling stm32f10x_rcc.c...
compiling stm32f10x_rtc.c...
compiling stm32f10x_sdio.c...
compiling stm32f10x_spi.c...
compiling stm32f10x_tim.c...
compiling stm32f10x_usart.c...
compiling stm32f10x_wwdg.c...
compiling main.c...
compiling stm32f10x_it.c...
compiling delay.c...
compiling sys.c...
compiling flash.c...
Basic\flash\flash.c(1): warning:  #1-D: last line of file ends without a newline
Basic\flash\flash.c:   #include"flash.h"
Basic\flash\flash.c:                    ^
Basic\flash\flash.c: Basic\flash\flash.c: 1 warning, 0 errors
compiling led.c...
compiling key.c...
linking...
Program Size: Code=4744 RO-data=268 RW-data=40 ZI-data=1632  
FromELF: creating hex file...
"led.axf" - 0 Error(s), 1 Warning(s).
Build target 'Target 1'
compiling main.c...
User\main.c(24): error:  #20: identifier "FLASH_FALSH_ADD" is undefined
User\main.c:                    FLASH_W(FLASH_FALSH_ADD,a);
User\main.c:                            ^
User\main.c: User\main.c: 0 warnings, 1 error
compiling flash.c...
Basic\flash\flash.c(6): error:  #20: identifier "FLASH_FLAG_PSK" is undefined
Basic\flash\flash.c:    FLASH_ClearFlag(FLASH_FLAG_PSK|FLASH_FLAG_EOP|FLASH_FLAG_PGERR|FLASH_FLAG_WRPRTERR);
Basic\flash\flash.c:                    ^
Basic\flash\flash.c(8): warning:  #223-D: function "FLASH_CLearFlag" declared implicitly
Basic\flash\flash.c:    FLASH_CLearFlag(FLASH_FLAG_PSK|FLASH_FLAG_EOP|FLASH_FLAG_PGERR|FLASH_FLAG_WRPRTERR);
Basic\flash\flash.c:    ^
Basic\flash\flash.c(12): error:  #147: declaration is incompatible with "u16 FLASH_R(u32)" (declared at line 8 of "Basic\flash\flash.h")
Basic\flash\flash.c:   void FLASH_R(u32 add){
Basic\flash\flash.c:        ^
Basic\flash\flash.c(13): error:  #118: a void function may not return a value
Basic\flash\flash.c:    return *(u16*)(add);
Basic\flash\flash.c:           ^
Basic\flash\flash.c(14): warning:  #1-D: last line of file ends without a newline
Basic\flash\flash.c:   }
Basic\flash\flash.c:    ^
Basic\flash\flash.c: Basic\flash\flash.c: 2 warnings, 3 errors
Target not created
Build target 'Target 1'
compiling main.c...
compiling flash.c...
Basic\flash\flash.c(6): error:  #20: identifier "FLASH_FLAG_PSK" is undefined
Basic\flash\flash.c:    FLASH_ClearFlag(FLASH_FLAG_PSK|FLASH_FLAG_EOP|FLASH_FLAG_PGERR|FLASH_FLAG_WRPRTERR);
Basic\flash\flash.c:                    ^
Basic\flash\flash.c(8): warning:  #223-D: function "FLASH_CLearFlag" declared implicitly
Basic\flash\flash.c:    FLASH_CLearFlag(FLASH_FLAG_PSK|FLASH_FLAG_EOP|FLASH_FLAG_PGERR|FLASH_FLAG_WRPRTERR);
Basic\flash\flash.c:    ^
Basic\flash\flash.c(12): error:  #147: declaration is incompatible with "u16 FLASH_R(u32)" (declared at line 8 of "Basic\flash\flash.h")
Basic\flash\flash.c:   void FLASH_R(u32 add){
Basic\flash\flash.c:        ^
Basic\flash\flash.c(13): error:  #118: a void function may not return a value
Basic\flash\flash.c:    return *(u16*)(add);
Basic\flash\flash.c:           ^
Basic\flash\flash.c(14): warning:  #1-D: last line of file ends without a newline
Basic\flash\flash.c:   }
Basic\flash\flash.c:    ^
Basic\flash\flash.c: Basic\flash\flash.c: 2 warnings, 3 errors
Target not created
Build target 'Target 1'
compiling flash.c...
Basic\flash\flash.c(6): error:  #20: identifier "FLASH_FLAG_BSK" is undefined
Basic\flash\flash.c:    FLASH_ClearFlag(FLASH_FLAG_BSK|FLASH_FLAG_EOP|FLASH_FLAG_PGERR|FLASH_FLAG_WRPRTERR);
Basic\flash\flash.c:                    ^
Basic\flash\flash.c(8): warning:  #223-D: function "FLASH_CLearFlag" declared implicitly
Basic\flash\flash.c:    FLASH_CLearFlag(FLASH_FLAG_PSK|FLASH_FLAG_EOP|FLASH_FLAG_PGERR|FLASH_FLAG_WRPRTERR);
Basic\flash\flash.c:    ^
Basic\flash\flash.c(8): error:  #20: identifier "FLASH_FLAG_PSK" is undefined
Basic\flash\flash.c:    FLASH_CLearFlag(FLASH_FLAG_PSK|FLASH_FLAG_EOP|FLASH_FLAG_PGERR|FLASH_FLAG_WRPRTERR);
Basic\flash\flash.c:                    ^
Basic\flash\flash.c(12): error:  #147: declaration is incompatible with "u16 FLASH_R(u32)" (declared at line 8 of "Basic\flash\flash.h")
Basic\flash\flash.c:   void FLASH_R(u32 add){
Basic\flash\flash.c:        ^
Basic\flash\flash.c(13): error:  #118: a void function may not return a value
Basic\flash\flash.c:    return *(u16*)(add);
Basic\flash\flash.c:           ^
Basic\flash\flash.c(14): warning:  #1-D: last line of file ends without a newline
Basic\flash\flash.c:   }
Basic\flash\flash.c:    ^
Basic\flash\flash.c: Basic\flash\flash.c: 2 warnings, 4 errors
Target not created
Build target 'Target 1'
compiling flash.c...
Basic\flash\flash.c(8): warning:  #223-D: function "FLASH_CLearFlag" declared implicitly
Basic\flash\flash.c:    FLASH_CLearFlag(FLASH_FLAG_PSK|FLASH_FLAG_EOP|FLASH_FLAG_PGERR|FLASH_FLAG_WRPRTERR);
Basic\flash\flash.c:    ^
Basic\flash\flash.c(8): error:  #20: identifier "FLASH_FLAG_PSK" is undefined
Basic\flash\flash.c:    FLASH_CLearFlag(FLASH_FLAG_PSK|FLASH_FLAG_EOP|FLASH_FLAG_PGERR|FLASH_FLAG_WRPRTERR);
Basic\flash\flash.c:                    ^
Basic\flash\flash.c(12): error:  #147: declaration is incompatible with "u16 FLASH_R(u32)" (declared at line 8 of "Basic\flash\flash.h")
Basic\flash\flash.c:   void FLASH_R(u32 add){
Basic\flash\flash.c:        ^
Basic\flash\flash.c(13): error:  #118: a void function may not return a value
Basic\flash\flash.c:    return *(u16*)(add);
Basic\flash\flash.c:           ^
Basic\flash\flash.c(14): warning:  #1-D: last line of file ends without a newline
Basic\flash\flash.c:   }
Basic\flash\flash.c:    ^
Basic\flash\flash.c: Basic\flash\flash.c: 2 warnings, 3 errors
Target not created
Build target 'Target 1'
compiling flash.c...
Basic\flash\flash.c(8): warning:  #223-D: function "FLASH_CLearFlag" declared implicitly
Basic\flash\flash.c:    FLASH_CLearFlag(FLASH_FLAG_BSY|FLASH_FLAG_EOP|FLASH_FLAG_PGERR|FLASH_FLAG_WRPRTERR);
Basic\flash\flash.c:    ^
Basic\flash\flash.c(12): error:  #147: declaration is incompatible with "u16 FLASH_R(u32)" (declared at line 8 of "Basic\flash\flash.h")
Basic\flash\flash.c:   void FLASH_R(u32 add){
Basic\flash\flash.c:        ^
Basic\flash\flash.c(13): error:  #118: a void function may not return a value
Basic\flash\flash.c:    return *(u16*)(add);
Basic\flash\flash.c:           ^
Basic\flash\flash.c(14): warning:  #1-D: last line of file ends without a newline
Basic\flash\flash.c:   }
Basic\flash\flash.c:    ^
Basic\flash\flash.c: Basic\flash\flash.c: 2 warnings, 2 errors
Target not created
Build target 'Target 1'
compiling flash.c...
Basic\flash\flash.c(12): error:  #147: declaration is incompatible with "u16 FLASH_R(u32)" (declared at line 8 of "Basic\flash\flash.h")
Basic\flash\flash.c:   void FLASH_R(u32 add){
Basic\flash\flash.c:        ^
Basic\flash\flash.c(13): error:  #118: a void function may not return a value
Basic\flash\flash.c:    return *(u16*)(add);
Basic\flash\flash.c:           ^
Basic\flash\flash.c(14): warning:  #1-D: last line of file ends without a newline
Basic\flash\flash.c:   }
Basic\flash\flash.c:    ^
Basic\flash\flash.c: Basic\flash\flash.c: 1 warning, 2 errors
Target not created
Build target 'Target 1'
compiling flash.c...
Basic\flash\flash.c(12): error:  #147: declaration is incompatible with "u16 FLASH_R(u32)" (declared at line 8 of "Basic\flash\flash.h")
Basic\flash\flash.c:   u32 FLASH_R(u32 add){
Basic\flash\flash.c:       ^
Basic\flash\flash.c(14): warning:  #1-D: last line of file ends without a newline
Basic\flash\flash.c:   }
Basic\flash\flash.c:    ^
Basic\flash\flash.c: Basic\flash\flash.c: 1 warning, 1 error
Target not created
Build target 'Target 1'
compiling flash.c...
Basic\flash\flash.c(14): warning:  #1-D: last line of file ends without a newline
Basic\flash\flash.c:   }
Basic\flash\flash.c:    ^
Basic\flash\flash.c: Basic\flash\flash.c: 1 warning, 0 errors
linking...
Program Size: Code=4820 RO-data=268 RW-data=40 ZI-data=1632  
FromELF: creating hex file...
"led.axf" - 0 Error(s), 1 Warning(s).
Build target 'Target 1'
compiling flash.c...
linking...
Program Size: Code=4820 RO-data=268 RW-data=40 ZI-data=1632  
FromELF: creating hex file...
"led.axf" - 0 Error(s), 0 Warning(s).
Build target 'Target 1'
compiling flash.c...
linking...
Program Size: Code=4820 RO-data=268 RW-data=40 ZI-data=1632  
FromELF: creating hex file...
"led.axf" - 0 Error(s), 0 Warning(s).
Build target 'Target 1'
linking...
Program Size: Code=4820 RO-data=268 RW-data=40 ZI-data=1632  
FromELF: creating hex file...
"led.axf" - 0 Error(s), 0 Warning(s).
Build target 'Target 1'
compiling main.c...
compiling flash.c...
linking...
Program Size: Code=4820 RO-data=268 RW-data=40 ZI-data=1632  
FromELF: creating hex file...
"led.axf" - 0 Error(s), 0 Warning(s).
Build target 'Target 1'
compiling main.c...
compiling flash.c...
linking...
Program Size: Code=4820 RO-data=268 RW-data=40 ZI-data=1632  
FromELF: creating hex file...
"led.axf" - 0 Error(s), 0 Warning(s).
Build target 'Target 1'
compiling flash.c...
linking...
Program Size: Code=4824 RO-data=268 RW-data=40 ZI-data=1632  
FromELF: creating hex file...
"led.axf" - 0 Error(s), 0 Warning(s).
